Archive member included because of file (symbol)

contiki-sky.a(er-coap.o)      obj_sky/res-separate.o (coap_serialize_message)
contiki-sky.a(er-coap-engine.)
                              obj_sky/res-separate.o (coap_rest_implementation)
contiki-sky.a(er-coap-transac)
                              contiki-sky.a(er-coap-engine.) (coap_register_as_transaction_handler)
contiki-sky.a(er-coap-observe)
                              contiki-sky.a(er-coap-transac) (coap_remove_observer_by_client)
contiki-sky.a(er-coap-separat)
                              obj_sky/res-separate.o (coap_separate_reject)
contiki-sky.a(er-coap-res-wel)
                              contiki-sky.a(er-coap-engine.) (res_well_known_core)
contiki-sky.a(er-coap-block1.)
                              obj_sky/res-b1-sep-b2.o (coap_block1_handler)
contiki-sky.a(er-coap-observe)
                              contiki-sky.a(er-coap-engine.) (coap_handle_notification)
contiki-sky.a(rest-engine.o)  er-example-server.co (rest_init_engine)
contiki-sky.a(contiki-sky-pla)
                              obj_sky/contiki-sky-main.o (init_platform)
contiki-sky.a(sht11-sensor.o)
                              obj_sky/res-sht11.o (sht11_sensor)
contiki-sky.a(light-sensor.o)
                              er-example-server.co (light_sensor)
contiki-sky.a(battery-sensor.)
                              obj_sky/res-battery.o (battery_sensor)
contiki-sky.a(button-sensor.o)
                              contiki-sky.a(contiki-sky-pla) (button_sensor)
contiki-sky.a(radio-sensor.o)
                              obj_sky/res-radio.o (radio_sensor)
contiki-sky.a(ds2411.o)       obj_sky/contiki-sky-main.o (ds2411_init)
contiki-sky.a(xmem.o)         obj_sky/contiki-sky-main.o (xmem_init)
contiki-sky.a(node-id.o)      obj_sky/contiki-sky-main.o (node_id_restore)
contiki-sky.a(sensors.o)      contiki-sky.a(button-sensor.o) (sensors_changed)
contiki-sky.a(cc2420.o)       contiki-sky.a(radio-sensor.o) (cc2420_last_rssi)
contiki-sky.a(cc2420-arch.o)  contiki-sky.a(cc2420.o) (cc2420_arch_init)
contiki-sky.a(sky-sensors.o)  contiki-sky.a(light-sensor.o) (sky_sensors_status)
contiki-sky.a(uart1.o)        obj_sky/contiki-sky-main.o (uart1_active)
contiki-sky.a(uart1-putchar.o)
                              obj_sky/res-b1-sep-b2.o (putchar)
contiki-sky.a(msp430.o)       contiki-sky.a(uart1.o) (msp430_add_lpm_req)
contiki-sky.a(clock.o)        obj_sky/contiki-sky-main.o (clock_init)
contiki-sky.a(leds.o)         obj_sky/contiki-sky-main.o (leds_init)
contiki-sky.a(leds-arch.o)    contiki-sky.a(leds.o) (leds_arch_init)
contiki-sky.a(watchdog.o)     obj_sky/contiki-sky-main.o (watchdog_start)
contiki-sky.a(rtimer-arch.o)  obj_sky/contiki-sky-main.o (rtimer_arch_now)
contiki-sky.a(autostart.o)    obj_sky/contiki-sky-main.o (autostart_start)
contiki-sky.a(ctimer.o)       obj_sky/contiki-sky-main.o (ctimer_init)
contiki-sky.a(energest.o)     obj_sky/contiki-sky-main.o (energest_init)
contiki-sky.a(etimer.o)       contiki-sky.a(clock.o) (etimer_request_poll)
contiki-sky.a(process.o)      er-example-server.co (process_current)
contiki-sky.a(rtimer.o)       obj_sky/contiki-sky-main.o (rtimer_init)
contiki-sky.a(timer.o)        obj_sky/contiki-sky-main.o (timer_set)
contiki-sky.a(list.o)         contiki-sky.a(rest-engine.o) (list_init)
contiki-sky.a(memb.o)         contiki-sky.a(er-coap-transac) (memb_alloc)
contiki-sky.a(random.o)       obj_sky/contiki-sky-main.o (random_init)
contiki-sky.a(sicslowpan.o)   obj_sky/contiki-sky-main.o (sicslowpan_driver)
contiki-sky.a(uip6.o)         contiki-sky.a(er-coap-engine.) (uip_aligned_buf)
contiki-sky.a(uip-ds6.o)      contiki-sky.a(uip6.o) (uip_ds6_is_addr_onlink)
contiki-sky.a(uip-ds6-nbr.o)  contiki-sky.a(uip-ds6.o) (uip_ds6_neighbors_init)
contiki-sky.a(uip-ds6-route.o)
                              contiki-sky.a(uip-ds6.o) (uip_ds6_route_init)
contiki-sky.a(uip-icmp6.o)    contiki-sky.a(uip6.o) (uip_icmp6_input)
contiki-sky.a(uip-nd6.o)      contiki-sky.a(uip6.o) (uip_nd6_init)
contiki-sky.a(tcpip.o)        contiki-sky.a(sicslowpan.o) (tcpip_set_outputfunc)
contiki-sky.a(uip-debug.o)    contiki-sky.a(uip-ds6-route.o) (uip_debug_ipaddr_print)
contiki-sky.a(uip-udp-packet.)
                              contiki-sky.a(er-coap.o) (uip_udp_packet_send)
contiki-sky.a(rpl.o)          contiki-sky.a(uip-ds6-nbr.o) (rpl_link_neighbor_callback)
contiki-sky.a(rpl-dag.o)      contiki-sky.a(rpl.o) (default_instance)
contiki-sky.a(rpl-ext-header.)
                              contiki-sky.a(uip6.o) (rpl_verify_header)
contiki-sky.a(rpl-icmp6.o)    contiki-sky.a(rpl.o) (dao_output_target)
contiki-sky.a(rpl-mrhof.o)    contiki-sky.a(rpl.o) (rpl_mrhof)
contiki-sky.a(rpl-timers.o)   contiki-sky.a(rpl.o) (rpl_reset_periodic_timer)
contiki-sky.a(framer-802154.o)
                              contiki-sky.a(sicslowpan.o) (framer_802154)
contiki-sky.a(framer.o)       contiki-sky.a(framer-802154.o) (framer_canonical_create_and_secure)
[...]
Memory Configuration

Name             Origin             Length             Attributes
sfr              0x00000000         0x00000010
peripheral_8bit  0x00000010         0x000000f0
peripheral_16bit 0x00000100         0x00000100
ram_mirror       0x00000200         0x00000800         xw
infomem          0x00001000         0x00000100
infob            0x00001000         0x00000080
infoa            0x00001080         0x00000080
ram              0x00001100         0x00002800         xw
rom              0x00004000         0x0000bfe0         xr
vectors          0x0000ffe0         0x00000020
bsl              0x00000000         0x00000000
infoc            0x00000000         0x00000000
infod            0x00000000         0x00000000
ram2             0x00000000         0x00000000         xw
usbram           0x00000000         0x00000000         xw
far_rom          0x00000000         0x00000000
*default*        0x00000000         0xffffffff

Linker script and memory map

LOAD /usr/lib/gcc/msp430/4.6.3/mmpy-16/crt0ivtbl16.o
LOAD er-example-server.co
LOAD obj_sky/res-separate.o
LOAD obj_sky/res-sht11.o
LOAD obj_sky/res-push.o
LOAD obj_sky/res-toggle.o
LOAD obj_sky/res-light.o
LOAD obj_sky/res-chunks.o
LOAD obj_sky/res-radio.o
LOAD obj_sky/res-sub.o
LOAD obj_sky/res-event.o
LOAD obj_sky/res-leds.o
LOAD obj_sky/res-hello.o
LOAD obj_sky/res-mirror.o
LOAD obj_sky/res-battery.o
LOAD obj_sky/res-b1-sep-b2.o
LOAD obj_sky/contiki-sky-main.o
LOAD contiki-sky.a
LOAD /usr/lib/gcc/msp430/4.6.3/mmpy-16/libgcc.a
LOAD /usr/lib/gcc/msp430/4.6.3/../../../../msp430/lib/mmpy-16/libc.a
LOAD /usr/lib/gcc/msp430/4.6.3/mmpy-16/libgcc.a
LOAD /usr/lib/gcc/msp430/4.6.3/mmpy-16/libcrt0.a
                0x00000080                PROVIDE (__info_segment_size, 0x80)
                0x00001000                PROVIDE (__infob, 0x1000)
                0x00001080                PROVIDE (__infoa, 0x1080)
                0x00000000                __IE1 = 0x0
                0x00000002                __IFG1 = 0x2
                0x00000004                __ME1 = 0x4
                0x00000001                __IE2 = 0x1
                0x00000003                __IFG2 = 0x3
                0x00000005                __ME2 = 0x5
                0x00000120                __WDTCTL = 0x120
                0x00000130                __MPY = 0x130
                0x00000132                __MPYS = 0x132
                0x00000134                __MAC = 0x134
                0x00000136                __MACS = 0x136
                0x00000138                __OP2 = 0x138
                0x0000013a                __RESLO = 0x13a
                0x0000013c                __RESHI = 0x13c
                0x0000013e                __SUMEXT = 0x13e
                0x00000020                __P1IN = 0x20
                0x00000021                __P1OUT = 0x21
                0x00000022                __P1DIR = 0x22
                0x00000023                __P1IFG = 0x23
                0x00000024                __P1IES = 0x24
                0x00000025                __P1IE = 0x25
                0x00000026                __P1SEL = 0x26
                0x00000028                __P2IN = 0x28
                0x00000029                __P2OUT = 0x29
                0x0000002a                __P2DIR = 0x2a
                0x0000002b                __P2IFG = 0x2b
                0x0000002c                __P2IES = 0x2c
                0x0000002d                __P2IE = 0x2d
                0x0000002e                __P2SEL = 0x2e
                0x00000018                __P3IN = 0x18
                0x00000019                __P3OUT = 0x19
                0x0000001a                __P3DIR = 0x1a
                0x0000001b                __P3SEL = 0x1b
                0x0000001c                __P4IN = 0x1c
                0x0000001d                __P4OUT = 0x1d
                0x0000001e                __P4DIR = 0x1e
                0x0000001f                __P4SEL = 0x1f
                0x00000030                __P5IN = 0x30
                0x00000031                __P5OUT = 0x31
                0x00000032                __P5DIR = 0x32
                0x00000033                __P5SEL = 0x33
                0x00000034                __P6IN = 0x34
                0x00000035                __P6OUT = 0x35
                0x00000036                __P6DIR = 0x36
                0x00000037                __P6SEL = 0x37
                0x00000070                __U0CTL = 0x70
                0x00000071                __U0TCTL = 0x71
                0x00000072                __U0RCTL = 0x72
                0x00000073                __U0MCTL = 0x73
                0x00000074                __U0BR0 = 0x74
                0x00000075                __U0BR1 = 0x75
                0x00000076                __U0RXBUF = 0x76
                0x00000077                __U0TXBUF = 0x77
                0x00000078                __U1CTL = 0x78
                0x00000079                __U1TCTL = 0x79
                0x0000007a                __U1RCTL = 0x7a
                0x0000007b                __U1MCTL = 0x7b
                0x0000007c                __U1BR0 = 0x7c
                0x0000007d                __U1BR1 = 0x7d
                0x0000007e                __U1RXBUF = 0x7e
                0x0000007f                __U1TXBUF = 0x7f
                0x00000050                __I2CIE = 0x50
                0x00000051                __I2CIFG = 0x51
                0x00000052                __I2CNDAT = 0x52
                0x00000071                __I2CTCTL = 0x71
                0x00000072                __I2CDCTL = 0x72
                0x00000073                __I2CPSC = 0x73
                0x00000074                __I2CSCLH = 0x74
                0x00000075                __I2CSCLL = 0x75
                0x00000076                __I2CDRB = 0x76
                0x00000076                __I2CDRW = 0x76
                0x00000118                __I2COA = 0x118
                0x0000011a                __I2CSA = 0x11a
                0x0000011c                __I2CIV = 0x11c
                0x0000012e                __TAIV = 0x12e
                0x00000160                __TACTL = 0x160
                0x00000162                __TACCTL0 = 0x162
                0x00000164                __TACCTL1 = 0x164
                0x00000166                __TACCTL2 = 0x166
                0x00000170                __TAR = 0x170
                0x00000172                __TACCR0 = 0x172
                0x00000174                __TACCR1 = 0x174
                0x00000176                __TACCR2 = 0x176
                0x0000011e                __TBIV = 0x11e
                0x00000180                __TBCTL = 0x180
                0x00000182                __TBCCTL0 = 0x182
                0x00000184                __TBCCTL1 = 0x184
                0x00000186                __TBCCTL2 = 0x186
                0x00000188                __TBCCTL3 = 0x188
                0x0000018a                __TBCCTL4 = 0x18a
                0x0000018c                __TBCCTL5 = 0x18c
                0x0000018e                __TBCCTL6 = 0x18e
                0x00000190                __TBR = 0x190
                0x00000192                __TBCCR0 = 0x192
                0x00000194                __TBCCR1 = 0x194
                0x00000196                __TBCCR2 = 0x196
                0x00000198                __TBCCR3 = 0x198
                0x0000019a                __TBCCR4 = 0x19a
                0x0000019c                __TBCCR5 = 0x19c
                0x0000019e                __TBCCR6 = 0x19e
                0x00000056                __DCOCTL = 0x56
                0x00000057                __BCSCTL1 = 0x57
                0x00000058                __BCSCTL2 = 0x58
                0x00000055                __SVSCTL = 0x55
                0x00000128                __FCTL1 = 0x128
                0x0000012a                __FCTL2 = 0x12a
                0x0000012c                __FCTL3 = 0x12c
                0x00000059                __CACTL1 = 0x59
                0x0000005a                __CACTL2 = 0x5a
                0x0000005b                __CAPD = 0x5b
                0x000001a0                __ADC12CTL0 = 0x1a0
                0x000001a2                __ADC12CTL1 = 0x1a2
                0x000001a4                __ADC12IFG = 0x1a4
                0x000001a6                __ADC12IE = 0x1a6
                0x000001a8                __ADC12IV = 0x1a8
                0x00000140                __ADC12MEM0 = 0x140
                0x00000142                __ADC12MEM1 = 0x142
                0x00000144                __ADC12MEM2 = 0x144
                0x00000146                __ADC12MEM3 = 0x146
                0x00000148                __ADC12MEM4 = 0x148
                0x0000014a                __ADC12MEM5 = 0x14a
                0x0000014c                __ADC12MEM6 = 0x14c
                0x0000014e                __ADC12MEM7 = 0x14e
                0x00000150                __ADC12MEM8 = 0x150
                0x00000152                __ADC12MEM9 = 0x152
                0x00000154                __ADC12MEM10 = 0x154
                0x00000156                __ADC12MEM11 = 0x156
                0x00000158                __ADC12MEM12 = 0x158
                0x0000015a                __ADC12MEM13 = 0x15a
                0x0000015c                __ADC12MEM14 = 0x15c
                0x0000015e                __ADC12MEM15 = 0x15e
                0x00000080                __ADC12MCTL0 = 0x80
                0x00000081                __ADC12MCTL1 = 0x81
                0x00000082                __ADC12MCTL2 = 0x82
                0x00000083                __ADC12MCTL3 = 0x83
                0x00000084                __ADC12MCTL4 = 0x84
                0x00000085                __ADC12MCTL5 = 0x85
                0x00000086                __ADC12MCTL6 = 0x86
                0x00000087                __ADC12MCTL7 = 0x87
                0x00000088                __ADC12MCTL8 = 0x88
                0x00000089                __ADC12MCTL9 = 0x89
                0x0000008a                __ADC12MCTL10 = 0x8a
                0x0000008b                __ADC12MCTL11 = 0x8b
                0x0000008c                __ADC12MCTL12 = 0x8c
                0x0000008d                __ADC12MCTL13 = 0x8d
                0x0000008e                __ADC12MCTL14 = 0x8e
                0x0000008f                __ADC12MCTL15 = 0x8f
                0x000001c0                __DAC12_0CTL = 0x1c0
                0x000001c2                __DAC12_1CTL = 0x1c2
                0x000001c8                __DAC12_0DAT = 0x1c8
                0x000001ca                __DAC12_1DAT = 0x1ca
                0x00000122                __DMACTL0 = 0x122
                0x00000124                __DMACTL1 = 0x124
                0x000001e0                __DMA0CTL = 0x1e0
                0x000001e8                __DMA1CTL = 0x1e8
                0x000001f0                __DMA2CTL = 0x1f0
                0x000001e2                __DMA0SA = 0x1e2
                0x000001e4                __DMA0DA = 0x1e4
                0x000001e6                __DMA0SZ = 0x1e6
                0x000001ea                __DMA1SA = 0x1ea
                0x000001ec                __DMA1DA = 0x1ec
                0x000001ee                __DMA1SZ = 0x1ee
                0x000001f2                __DMA2SA = 0x1f2
                0x000001f4                __DMA2DA = 0x1f4
                0x000001f6                __DMA2SZ = 0x1f6

.hash
 *(.hash)

.dynsym
 *(.dynsym)

.dynstr
 *(.dynstr)

.gnu.version
 *(.gnu.version)

.gnu.version_d
 *(.gnu.version_d)

.gnu.version_r
 *(.gnu.version_r)

.rel.init
 *(.rel.init)

.rela.init
 *(.rela.init)

.rel.fini
 *(.rel.fini)

.rela.fini
 *(.rela.fini)

.rel.text
 *(.rel.text .rel.text.* .rel.gnu.linkonce.t.*)

.rela.text
 *(.rela.text .rela.text.* .rela.gnu.linkonce.t.*)

.rel.rodata
 *(.rel.rodata .rel.rodata.* .rel.gnu.linkonce.r.*)

.rela.rodata
 *(.rela.rodata .rela.rodata.* .rela.gnu.linkonce.r.*)

.rel.data
 *(.rel.data .rel.data.* .rel.gnu.linkonce.d.*)

.rela.data
 *(.rela.data .rela.data.* .rela.gnu.linkonce.d.*)

.rel.bss
 *(.rel.bss .rel.bss.* .rel.gnu.linkonce.b.*)

.rela.bss
 *(.rela.bss .rela.bss.* .rela.gnu.linkonce.b.*)

.rel.ctors
 *(.rel.ctors)

.rela.ctors
 *(.rela.ctors)

.rel.dtors
 *(.rel.dtors)

.rela.dtors
 *(.rela.dtors)

.rel.got
 *(.rel.got)

.rela.got
 *(.rela.got)

.rel.plt
 *(.rel.plt)

.rela.plt
 *(.rela.plt)

.text           0x00004000     0xb506
                0x00004000                . = ALIGN (0x2)
 *(.init .init.*)
 *(.init0)
 .init0         0x00004000        0x0 /usr/lib/gcc/msp430/4.6.3/mmpy-16/libcrt0.a(_reset_vector__.o)
                0x00004000                _reset_vector__
 *(.init1)
 .init1         0x00004000        0xc /usr/lib/gcc/msp430/4.6.3/mmpy-16/libcrt0.a(__watchdog_support.o)
                0x00004000                __watchdog_support
 *(.init2)
 .init2         0x0000400c        0x4 /usr/lib/gcc/msp430/4.6.3/mmpy-16/libcrt0.a(__init_stack.o)
                0x0000400c                __init_stack
 *(.init3)
 .init3         0x00004010        0x0 /usr/lib/gcc/msp430/4.6.3/mmpy-16/libcrt0.a(__low_level_init.o)
                0x00004010                __low_level_init
 *(.init4)
 .init4         0x00004010       0x18 /usr/lib/gcc/msp430/4.6.3/mmpy-16/libcrt0.a(_copy_data.o)
                0x00004010                __do_copy_data
 .init4         0x00004028       0x16 /usr/lib/gcc/msp430/4.6.3/mmpy-16/libcrt0.a(_clear_bss.o)
                0x00004028                __do_clear_bss
 *(.init5)
 *(.init6)
 *(.init7)
 *(.init8)
 *(.init9)
 .init9         0x0000403e      0x2d8 obj_sky/contiki-sky-main.o
                0x0000403e                main
 *(.fini9)
 .fini9         0x00004316        0x0 /usr/lib/gcc/msp430/4.6.3/mmpy-16/libcrt0.a(__stop_progExec__.o)
                0x00004316                __stop_progExec__
 *(.fini8)
 *(.fini7)
 *(.fini6)
 *(.fini5)
 *(.fini4)
 *(.fini3)
 *(.fini2)
 *(.fini1)
 *(.fini0)
 .fini0         0x00004316        0x6 /usr/lib/gcc/msp430/4.6.3/mmpy-16/libcrt0.a(_endless_loop__.o)
                0x00004316                _endless_loop__
 *(.fini .fini.*)
                0x0000431c                . = ALIGN (0x2)
                0x0000431c                __ctors_start = .
 *(.ctors)
                0x0000431c                __ctors_end = .
                0x0000431c                __dtors_start = .
 *(.dtors)
                0x0000431c                __dtors_end = .
                0x0000431c                . = ALIGN (0x2)
 *(.text .text.* .gnu.linkonce.t.*)
 .text          0x0000431c        0x4 /usr/lib/gcc/msp430/4.6.3/mmpy-16/crt0ivtbl16.o
                0x0000431c                __isr_14
                0x0000431c                __isr_11
                0x0000431c                __isr_2
                0x0000431c                __isr_7
                0x0000431c                __isr_0
                0x0000431c                __isr_8
                0x0000431c                __isr_3
                0x0000431c                __isr_12
                0x0000431c                __isr_13
                0x0000431c                __isr_9
 .text.process_thread_er_example_server
                0x00004320       0x94 er-example-server.co
 .text.res_post_handler_green
                0x000043b4        0x8 obj_sky/res-toggle.o
 .text.res_post_handler_blue
                0x000043bc        0x8 obj_sky/res-toggle.o
 .text.res_post_handler_red
                0x000043c4        0x8 obj_sky/res-toggle.o
 .text.res_get_handler
                0x000043cc       0xf2 obj_sky/res-light.o
 .text.res_post_put_handler
                0x000044be       0xc0 obj_sky/res-leds.o
 .text.start_network_layer
                0x0000457e       0xa2 obj_sky/contiki-sky-main.o
 .text.coap_parse_int_option
                0x00004620       0x46 contiki-sky.a(er-coap.o)
 .text.coap_set_option_header
                0x00004666       0xa6 contiki-sky.a(er-coap.o)
 .text.coap_serialize_int_option
                0x0000470c       0xda contiki-sky.a(er-coap.o)
 .text.coap_get_variable
                0x000047e6       0xbe contiki-sky.a(er-coap.o)
 .text.coap_serialize_array_option
                0x000048a4       0xee contiki-sky.a(er-coap.o)
 .text.coap_merge_multi_option.part.1
                0x00004992       0x34 contiki-sky.a(er-coap.o)
 .text.coap_init_connection
                0x000049c6       0x22 contiki-sky.a(er-coap.o)
                0x000049c6                coap_init_connection
 .text.coap_get_mid
                0x000049e8        0xc contiki-sky.a(er-coap.o)
                0x000049e8                coap_get_mid
 .text.coap_init_message
                0x000049f4       0x30 contiki-sky.a(er-coap.o)
                0x000049f4                coap_init_message
 .text.coap_serialize_message
                0x00004a24      0x470 contiki-sky.a(er-coap.o)
                0x00004a24                coap_serialize_message
 .text.coap_send_message
                0x00004e94       0x4a contiki-sky.a(er-coap.o)
                0x00004e94                coap_send_message
 .text.coap_parse_message
                0x00004ede      0x554 contiki-sky.a(er-coap.o)
                0x00004ede                coap_parse_message
 .text.coap_get_query_variable
                0x00005432       0x1c contiki-sky.a(er-coap.o)
                0x00005432                coap_get_query_variable
 .text.coap_get_post_variable
                0x0000544e       0x20 contiki-sky.a(er-coap.o)
                0x0000544e                coap_get_post_variable
 .text.coap_set_status_code
                0x0000546e       0x12 contiki-sky.a(er-coap.o)
                0x0000546e                coap_set_status_code
 .text.coap_set_token
                0x00005480       0x24 contiki-sky.a(er-coap.o)
                0x00005480                coap_set_token
 .text.coap_get_header_content_format
                0x000054a4       0x18 contiki-sky.a(er-coap.o)
                0x000054a4                coap_get_header_content_format
 .text.coap_set_header_content_format
                0x000054bc        0xe contiki-sky.a(er-coap.o)
                0x000054bc                coap_set_header_content_format
 .text.coap_get_header_accept
                0x000054ca       0x16 contiki-sky.a(er-coap.o)
                0x000054ca                coap_get_header_accept
 .text.coap_get_header_max_age
                0x000054e0       0x26 contiki-sky.a(er-coap.o)
                0x000054e0                coap_get_header_max_age
 .text.coap_set_header_max_age
                0x00005506       0x12 contiki-sky.a(er-coap.o)
                0x00005506                coap_set_header_max_age
 .text.coap_set_header_etag
                0x00005518       0x2a contiki-sky.a(er-coap.o)
                0x00005518                coap_set_header_etag
 .text.coap_get_header_if_match
                0x00005542       0x1c contiki-sky.a(er-coap.o)
                0x00005542                coap_get_header_if_match
 .text.coap_get_header_if_none_match
                0x0000555e       0x10 contiki-sky.a(er-coap.o)
                0x0000555e                coap_get_header_if_none_match
 .text.coap_get_header_uri_host
                0x0000556e       0x18 contiki-sky.a(er-coap.o)
                0x0000556e                coap_get_header_uri_host
 .text.coap_get_header_uri_path
                0x00005586       0x18 contiki-sky.a(er-coap.o)
                0x00005586                coap_get_header_uri_path
 .text.coap_get_header_uri_query
                0x0000559e       0x16 contiki-sky.a(er-coap.o)
                0x0000559e                coap_get_header_uri_query
 .text.coap_set_header_location_query
                0x000055b4       0x2c contiki-sky.a(er-coap.o)
                0x000055b4                coap_set_header_location_query
 .text.coap_set_header_location_path
                0x000055e0       0x8c contiki-sky.a(er-coap.o)
                0x000055e0                coap_set_header_location_path
 .text.coap_get_header_observe
                0x0000566c       0x1e contiki-sky.a(er-coap.o)
                0x0000566c                coap_get_header_observe
 .text.coap_set_header_observe
                0x0000568a       0x12 contiki-sky.a(er-coap.o)
                0x0000568a                coap_set_header_observe
 .text.coap_get_header_block2
                0x0000569c       0x4c contiki-sky.a(er-coap.o)
                0x0000569c                coap_get_header_block2
 .text.coap_set_header_block2
                0x000056e8       0x40 contiki-sky.a(er-coap.o)
                0x000056e8                coap_set_header_block2
 .text.coap_get_header_size2
                0x00005728       0x1e contiki-sky.a(er-coap.o)
                0x00005728                coap_get_header_size2
 .text.coap_set_header_size2
                0x00005746       0x12 contiki-sky.a(er-coap.o)
                0x00005746                coap_set_header_size2
 .text.coap_get_payload
                0x00005758       0x1a contiki-sky.a(er-coap.o)
                0x00005758                coap_get_payload
 .text.coap_set_payload
                0x00005772       0x16 contiki-sky.a(er-coap.o)
                0x00005772                coap_set_payload
 .text.coap_set_service_callback
                0x00005788        0x6 contiki-sky.a(er-coap-engine.)
                0x00005788                coap_set_service_callback
 .text.coap_get_rest_method
                0x0000578e       0x1a contiki-sky.a(er-coap-engine.)
                0x0000578e                coap_get_rest_method
 .text.process_thread_coap_engine
                0x000057a8      0x42a contiki-sky.a(er-coap-engine.)
 .text.coap_init_engine
                0x00005bd2        0xc contiki-sky.a(er-coap-engine.)
                0x00005bd2                coap_init_engine
 .text.coap_register_as_transaction_handler
                0x00005bde        0x8 contiki-sky.a(er-coap-transac)
                0x00005bde                coap_register_as_transaction_handler
 .text.coap_new_transaction
                0x00005be6       0x4e contiki-sky.a(er-coap-transac)
                0x00005be6                coap_new_transaction
 .text.coap_clear_transaction
                0x00005c34       0x26 contiki-sky.a(er-coap-transac)
                0x00005c34                coap_clear_transaction
 .text.coap_send_transaction
                0x00005c5a       0xc8 contiki-sky.a(er-coap-transac)
                0x00005c5a                coap_send_transaction
 .text.coap_get_transaction_by_mid
                0x00005d22       0x1e contiki-sky.a(er-coap-transac)
                0x00005d22                coap_get_transaction_by_mid
 .text.coap_check_transactions
                0x00005d40       0x2e contiki-sky.a(er-coap-transac)
                0x00005d40                coap_check_transactions
 .text.coap_remove_observer
                0x00005d6e       0x1c contiki-sky.a(er-coap-observe)
                0x00005d6e                coap_remove_observer
 .text.coap_remove_observer_by_client
                0x00005d8a       0x4c contiki-sky.a(er-coap-observe)
                0x00005d8a                coap_remove_observer_by_client
 .text.coap_remove_observer_by_token
                0x00005dd6       0x72 contiki-sky.a(er-coap-observe)
                0x00005dd6                coap_remove_observer_by_token
 .text.coap_remove_observer_by_uri
                0x00005e48       0x7e contiki-sky.a(er-coap-observe)
                0x00005e48                coap_remove_observer_by_uri
 .text.coap_add_observer
                0x00005ec6       0x70 contiki-sky.a(er-coap-observe)
                0x00005ec6                coap_add_observer
 .text.coap_remove_observer_by_mid
                0x00005f36       0x58 contiki-sky.a(er-coap-observe)
                0x00005f36                coap_remove_observer_by_mid
 .text.coap_notify_observers
                0x00005f8e       0xec contiki-sky.a(er-coap-observe)
                0x00005f8e                coap_notify_observers
 .text.coap_observe_handler
                0x0000607a       0xc0 contiki-sky.a(er-coap-observe)
                0x0000607a                coap_observe_handler
 .text.well_known_core_get_handler
                0x0000613a      0x296 contiki-sky.a(er-coap-res-wel)
                0x0000613a                well_known_core_get_handler
 .text.simple_reply
                0x000063d0       0x38 contiki-sky.a(er-coap-observe)
 .text.classify_notification
                0x00006408       0x60 contiki-sky.a(er-coap-observe)
 .text.coap_get_obs_subject_by_token
                0x00006468       0x56 contiki-sky.a(er-coap-observe)
                0x00006468                coap_get_obs_subject_by_token
 .text.coap_handle_notification
                0x000064be       0xc8 contiki-sky.a(er-coap-observe)
                0x000064be                coap_handle_notification
 .text.process_thread_rest_engine_process
                0x00006586       0xc0 contiki-sky.a(rest-engine.o)
 .text.rest_invoke_restful_service
                0x00006646      0x126 contiki-sky.a(rest-engine.o)
                0x00006646                rest_invoke_restful_service
 .text.rest_init_engine
                0x0000676c       0x26 contiki-sky.a(rest-engine.o)
                0x0000676c                rest_init_engine
 .text.rest_activate_resource
                0x00006792       0x3c contiki-sky.a(rest-engine.o)
                0x00006792                rest_activate_resource
 .text.rest_get_resources
                0x000067ce        0x6 contiki-sky.a(rest-engine.o)
                0x000067ce                rest_get_resources
 .text.init_platform
                0x000067d4        0xc contiki-sky.a(contiki-sky-pla)
                0x000067d4                init_platform
 .text.value    0x000067e0       0x1a contiki-sky.a(light-sensor.o)
 .text.status   0x000067fa        0xc contiki-sky.a(light-sensor.o)
 .text.configure
                0x00006806       0x10 contiki-sky.a(light-sensor.o)
 .text.status   0x00006816       0x16 contiki-sky.a(button-sensor.o)
 .text.configure
                0x0000682c       0x52 contiki-sky.a(button-sensor.o)
 .text.value    0x0000687e       0x22 contiki-sky.a(button-sensor.o)
 .text.irq_p2   0x000068a0       0x8a contiki-sky.a(button-sensor.o)
                0x000068a0                irq_p2
                0x000068a0                __isr_1
 .text.owreadb  0x0000692a       0x52 contiki-sky.a(ds2411.o)
 .text.ds2411_init
                0x0000697c      0x122 contiki-sky.a(ds2411.o)
                0x0000697c                ds2411_init
 .text.wait_ready
                0x00006a9e       0x50 contiki-sky.a(xmem.o)
 .text.xmem_init
                0x00006aee       0x3e contiki-sky.a(xmem.o)
                0x00006aee                xmem_init
 .text.xmem_pread
                0x00006b2c       0xea contiki-sky.a(xmem.o)
                0x00006b2c                xmem_pread
 .text.node_id_restore
                0x00006c16       0x38 contiki-sky.a(node-id.o)
                0x00006c16                node_id_restore
 .text.process_thread_sensors_process
                0x00006c4e       0xbe contiki-sky.a(sensors.o)
 .text.sensors_changed
                0x00006d0c       0x2a contiki-sky.a(sensors.o)
                0x00006d0c                sensors_changed
 .text.get_object
                0x00006d36        0x4 contiki-sky.a(cc2420.o)
 .text.set_object
                0x00006d3a        0x4 contiki-sky.a(cc2420.o)
 .text.strobe   0x00006d3e       0x20 contiki-sky.a(cc2420.o)
 .text.getreg   0x00006d5e       0x54 contiki-sky.a(cc2420.o)
 .text.setreg   0x00006db2       0x52 contiki-sky.a(cc2420.o)
 .text.write_ram
                0x00006e04       0x80 contiki-sky.a(cc2420.o)
 .text.write_fifo_buf
                0x00006e84       0x40 contiki-sky.a(cc2420.o)
 .text.get_status
                0x00006ec4       0x24 contiki-sky.a(cc2420.o)
 .text.set_txpower
                0x00006ee8       0x26 contiki-sky.a(cc2420.o)
 .text.cc2420_receiving_packet
                0x00006f0e        0xe contiki-sky.a(cc2420.o)
 .text.pending_packet
                0x00006f1c        0x8 contiki-sky.a(cc2420.o)
 .text.on       0x00006f24       0x1e contiki-sky.a(cc2420.o)
 .text.wait_for_transmission
                0x00006f42       0x22 contiki-sky.a(cc2420.o)
 .text.wait_for_status
                0x00006f64       0x2a contiki-sky.a(cc2420.o)
 .text.getrxdata
                0x00006f8e       0x56 contiki-sky.a(cc2420.o)
 .text.flushrx  0x00006fe4       0x1a contiki-sky.a(cc2420.o)
 .text.off      0x00006ffe       0x5a contiki-sky.a(cc2420.o)
 .text.RELEASE_LOCK
                0x00007058       0x28 contiki-sky.a(cc2420.o)
 .text.set_key  0x00007080       0x18 contiki-sky.a(cc2420.o)
 .text.cc2420_prepare
                0x00007098       0x3c contiki-sky.a(cc2420.o)
 .text.cc2420_on
                0x000070d4       0x22 contiki-sky.a(cc2420.o)
                0x000070d4                cc2420_on
 .text.cc2420_off
                0x000070f6       0x30 contiki-sky.a(cc2420.o)
                0x000070f6                cc2420_off
 .text.cc2420_cca
                0x00007126       0x5e contiki-sky.a(cc2420.o)
 .text.cc2420_read
                0x00007184       0xb0 contiki-sky.a(cc2420.o)
 .text.process_thread_cc2420_process
                0x00007234       0x50 contiki-sky.a(cc2420.o)
 .text.encrypt  0x00007284       0x8e contiki-sky.a(cc2420.o)
 .text.cc2420_set_channel
                0x00007312       0x3c contiki-sky.a(cc2420.o)
                0x00007312                cc2420_set_channel
 .text.cc2420_set_pan_addr
                0x0000734e       0x4c contiki-sky.a(cc2420.o)
                0x0000734e                cc2420_set_pan_addr
 .text.cc2420_interrupt
                0x0000739a       0x18 contiki-sky.a(cc2420.o)
                0x0000739a                cc2420_interrupt
 .text.cc2420_set_txpower
                0x000073b2        0xe contiki-sky.a(cc2420.o)
                0x000073b2                cc2420_set_txpower
 .text.cc2420_get_txpower
                0x000073c0       0x1e contiki-sky.a(cc2420.o)
                0x000073c0                cc2420_get_txpower
 .text.cc2420_transmit
                0x000073de      0x10e contiki-sky.a(cc2420.o)
 .text.cc2420_send
                0x000074ec       0x12 contiki-sky.a(cc2420.o)
 .text.cc2420_rssi
                0x000074fe       0x4c contiki-sky.a(cc2420.o)
                0x000074fe                cc2420_rssi
 .text.get_value
                0x0000754a       0xac contiki-sky.a(cc2420.o)
 .text.cc2420_set_cca_threshold
                0x000075f6       0x16 contiki-sky.a(cc2420.o)
                0x000075f6                cc2420_set_cca_threshold
 .text.set_value
                0x0000760c       0x8a contiki-sky.a(cc2420.o)
 .text.cc2420_init
                0x00007696       0xde contiki-sky.a(cc2420.o)
                0x00007696                cc2420_init
 .text.cc2420_port1_interrupt
                0x00007774       0x62 contiki-sky.a(cc2420-arch.o)
                0x00007774                __isr_4
                0x00007774                cc2420_port1_interrupt
 .text.cc2420_arch_init
                0x000077d6       0x1a contiki-sky.a(cc2420-arch.o)
                0x000077d6                cc2420_arch_init
 .text.sky_sensors_status
                0x000077f0       0x42 contiki-sky.a(sky-sensors.o)
                0x000077f0                sky_sensors_status
 .text.sky_sensors_configure
                0x00007832       0xfc contiki-sky.a(sky-sensors.o)
                0x00007832                sky_sensors_configure
 .text.uart1_active
                0x0000792e       0x1a contiki-sky.a(uart1.o)
                0x0000792e                uart1_active
 .text.uart1_writeb
                0x00007948       0x1a contiki-sky.a(uart1.o)
                0x00007948                uart1_writeb
 .text.uart1_init
                0x00007962       0xf6 contiki-sky.a(uart1.o)
                0x00007962                uart1_init
 .text.putchar  0x00007a58       0x10 contiki-sky.a(uart1-putchar.o)
                0x00007a58                putchar
 .text.msp430_init_dco
                0x00007a68       0x84 contiki-sky.a(msp430.o)
                0x00007a68                msp430_init_dco
 .text.msp430_add_lpm_req
                0x00007aec        0xc contiki-sky.a(msp430.o)
                0x00007aec                msp430_add_lpm_req
 .text.msp430_cpu_init
                0x00007af8       0x2a contiki-sky.a(msp430.o)
                0x00007af8                msp430_cpu_init
 .text.splhigh_
                0x00007b22        0x8 contiki-sky.a(msp430.o)
                0x00007b22                splhigh_
 .text.msp430_sync_dco
                0x00007b2a       0x68 contiki-sky.a(msp430.o)
                0x00007b2a                msp430_sync_dco
 .text.timera1  0x00007b92      0x11e contiki-sky.a(clock.o)
                0x00007b92                __isr_5
                0x00007b92                timera1
 .text.clock_time
                0x00007cb0       0x1a contiki-sky.a(clock.o)
                0x00007cb0                clock_time
 .text.clock_init
                0x00007cca       0x28 contiki-sky.a(clock.o)
                0x00007cca                clock_init
 .text.clock_delay
                0x00007cf2        0xc contiki-sky.a(clock.o)
                0x00007cf2                clock_delay
 .text.clock_seconds
                0x00007cfe       0x1a contiki-sky.a(clock.o)
                0x00007cfe                clock_seconds
 .text.show_leds
                0x00007d18       0xf6 contiki-sky.a(leds.o)
 .text.leds_init
                0x00007e0e        0xa contiki-sky.a(leds.o)
                0x00007e0e                leds_init
 .text.leds_on  0x00007e18        0xa contiki-sky.a(leds.o)
                0x00007e18                leds_on
 .text.leds_off
                0x00007e22        0xe contiki-sky.a(leds.o)
                0x00007e22                leds_off
 .text.leds_toggle
                0x00007e30        0xa contiki-sky.a(leds.o)
                0x00007e30                leds_toggle
 .text.leds_arch_init
                0x00007e3a        0xe contiki-sky.a(leds-arch.o)
                0x00007e3a                leds_arch_init
 .text.leds_arch_set
                0x00007e48       0x3a contiki-sky.a(leds-arch.o)
                0x00007e48                leds_arch_set
 .text.watchdog_interrupt
                0x00007e82        0x6 contiki-sky.a(watchdog.o)
                0x00007e82                __isr_10
                0x00007e82                watchdog_interrupt
 .text.watchdog_start
                0x00007e88       0x14 contiki-sky.a(watchdog.o)
                0x00007e88                watchdog_start
 .text.watchdog_periodic
                0x00007e9c       0x12 contiki-sky.a(watchdog.o)
                0x00007e9c                watchdog_periodic
 .text.watchdog_stop
                0x00007eae       0x16 contiki-sky.a(watchdog.o)
                0x00007eae                watchdog_stop
 .text.watchdog_init
                0x00007ec4       0x14 contiki-sky.a(watchdog.o)
                0x00007ec4                watchdog_init
 .text.rtimer_arch_init
                0x00007ed8        0xe contiki-sky.a(rtimer-arch.o)
                0x00007ed8                rtimer_arch_init
 .text.rtimer_arch_now
                0x00007ee6        0xe contiki-sky.a(rtimer-arch.o)
                0x00007ee6                rtimer_arch_now
 .text.timera0  0x00007ef4       0x70 contiki-sky.a(rtimer-arch.o)
                0x00007ef4                __isr_6
                0x00007ef4                timera0
 .text.rtimer_arch_schedule
                0x00007f64        0x6 contiki-sky.a(rtimer-arch.o)
                0x00007f64                rtimer_arch_schedule
 .text.autostart_start
                0x00007f6a       0x16 contiki-sky.a(autostart.o)
                0x00007f6a                autostart_start
 .text.process_thread_ctimer_process
                0x00007f80       0xa4 contiki-sky.a(ctimer.o)
 .text.ctimer_init
                0x00008024       0x18 contiki-sky.a(ctimer.o)
                0x00008024                ctimer_init
 .text.ctimer_set
                0x0000803c       0x50 contiki-sky.a(ctimer.o)
                0x0000803c                ctimer_set
 .text.ctimer_reset
                0x0000808c       0x30 contiki-sky.a(ctimer.o)
                0x0000808c                ctimer_reset
 .text.ctimer_stop
                0x000080bc       0x28 contiki-sky.a(ctimer.o)
                0x000080bc                ctimer_stop
 .text.energest_init
                0x000080e4       0x28 contiki-sky.a(energest.o)
                0x000080e4                energest_init
 .text.energest_type_time
                0x0000810c       0x46 contiki-sky.a(energest.o)
                0x0000810c                energest_type_time
 .text.energest_type_set
                0x00008152        0xe contiki-sky.a(energest.o)
                0x00008152                energest_type_set
 .text.energest_flush
                0x00008160       0x48 contiki-sky.a(energest.o)
                0x00008160                energest_flush
 .text.update_time
                0x000081a8       0x78 contiki-sky.a(etimer.o)
 .text.etimer_request_poll
                0x00008220        0xa contiki-sky.a(etimer.o)
                0x00008220                etimer_request_poll
 .text.process_thread_etimer_process
                0x0000822a       0xc8 contiki-sky.a(etimer.o)
 .text.add_timer
                0x000082f2       0x40 contiki-sky.a(etimer.o)
 .text.etimer_set
                0x00008332       0x12 contiki-sky.a(etimer.o)
                0x00008332                etimer_set
 .text.etimer_reset
                0x00008344       0x12 contiki-sky.a(etimer.o)
                0x00008344                etimer_reset
 .text.etimer_restart
                0x00008356       0x12 contiki-sky.a(etimer.o)
                0x00008356                etimer_restart
 .text.etimer_expired
                0x00008368        0xe contiki-sky.a(etimer.o)
                0x00008368                etimer_expired
 .text.etimer_expiration_time
                0x00008376       0x14 contiki-sky.a(etimer.o)
                0x00008376                etimer_expiration_time
 .text.etimer_pending
                0x0000838a        0xc contiki-sky.a(etimer.o)
                0x0000838a                etimer_pending
 .text.etimer_next_expiration_time
                0x00008396       0x16 contiki-sky.a(etimer.o)
                0x00008396                etimer_next_expiration_time
 .text.etimer_stop
                0x000083ac       0x3c contiki-sky.a(etimer.o)
                0x000083ac                etimer_stop
 .text.call_process
                0x000083e8       0x4a contiki-sky.a(process.o)
 .text.exit_process
                0x00008432       0x96 contiki-sky.a(process.o)
 .text.do_poll  0x000084c8       0x30 contiki-sky.a(process.o)
 .text.process_alloc_event
                0x000084f8        0xe contiki-sky.a(process.o)
                0x000084f8                process_alloc_event
 .text.process_init
                0x00008506       0x1c contiki-sky.a(process.o)
                0x00008506                process_init
 .text.process_run
                0x00008522       0xa2 contiki-sky.a(process.o)
                0x00008522                process_run
 .text.process_nevents
                0x000085c4        0xe contiki-sky.a(process.o)
                0x000085c4                process_nevents
 .text.process_post
                0x000085d2       0x54 contiki-sky.a(process.o)
                0x000085d2                process_post
 .text.process_post_synch
                0x00008626       0x12 contiki-sky.a(process.o)
                0x00008626                process_post_synch
 .text.process_start
                0x00008638       0x32 contiki-sky.a(process.o)
                0x00008638                process_start
 .text.process_poll
                0x0000866a       0x18 contiki-sky.a(process.o)
                0x0000866a                process_poll
 .text.rtimer_init
                0x00008682        0x6 contiki-sky.a(rtimer.o)
                0x00008682                rtimer_init
 .text.rtimer_run_next
                0x00008688       0x26 contiki-sky.a(rtimer.o)
                0x00008688                rtimer_run_next
 .text.timer_set
                0x000086ae       0x1c contiki-sky.a(timer.o)
                0x000086ae                timer_set
 .text.timer_reset
                0x000086ca        0xe contiki-sky.a(timer.o)
                0x000086ca                timer_reset
 .text.timer_restart
                0x000086d8       0x14 contiki-sky.a(timer.o)
                0x000086d8                timer_restart
 .text.timer_expired
                0x000086ec       0x2a contiki-sky.a(timer.o)
                0x000086ec                timer_expired
 .text.list_init
                0x00008716        0x6 contiki-sky.a(list.o)
                0x00008716                list_init
 .text.list_head
                0x0000871c        0x4 contiki-sky.a(list.o)
                0x0000871c                list_head
 .text.list_tail
                0x00008720       0x12 contiki-sky.a(list.o)
                0x00008720                list_tail
 .text.list_remove
                0x00008732       0x34 contiki-sky.a(list.o)
                0x00008732                list_remove
 .text.list_push
                0x00008766       0x1a contiki-sky.a(list.o)
                0x00008766                list_push
 .text.list_add
                0x00008780       0x2a contiki-sky.a(list.o)
                0x00008780                list_add
 .text.list_length
                0x000087aa       0x10 contiki-sky.a(list.o)
                0x000087aa                list_length
 .text.list_item_next
                0x000087ba        0xc contiki-sky.a(list.o)
                0x000087ba                list_item_next
 .text.memb_init
                0x000087c6       0x36 contiki-sky.a(memb.o)
                0x000087c6                memb_init
 .text.memb_alloc
                0x000087fc       0x3e contiki-sky.a(memb.o)
                0x000087fc                memb_alloc
 .text.memb_free
                0x0000883a       0x3a contiki-sky.a(memb.o)
                0x0000883a                memb_free
 .text.memb_inmemb
                0x00008874       0x2e contiki-sky.a(memb.o)
                0x00008874                memb_inmemb
 .text.memb_numfree
                0x000088a2       0x26 contiki-sky.a(memb.o)
                0x000088a2                memb_numfree
 .text.random_init
                0x000088c8        0x6 contiki-sky.a(random.o)
                0x000088c8                random_init
 .text.random_rand
                0x000088ce        0x6 contiki-sky.a(random.o)
                0x000088ce                random_rand
 .text.set_packet_attrs
                0x000088d4       0x44 contiki-sky.a(sicslowpan.o)
 .text.addr_context_lookup_by_number
                0x00008918       0x36 contiki-sky.a(sicslowpan.o)
 .text.compress_addr_64
                0x0000894e       0xae contiki-sky.a(sicslowpan.o)
 .text.uncompress_addr
                0x000089fc       0xb4 contiki-sky.a(sicslowpan.o)
 .text.input    0x00008ab0      0x65c contiki-sky.a(sicslowpan.o)
 .text.sicslowpan_init
                0x0000910c       0x26 contiki-sky.a(sicslowpan.o)
                0x0000910c                sicslowpan_init
 .text.addr_context_lookup_by_prefix
                0x00009132       0x4c contiki-sky.a(sicslowpan.o)
 .text.send_packet
                0x0000917e       0x1a contiki-sky.a(sicslowpan.o)
 .text.output   0x00009198      0x6da contiki-sky.a(sicslowpan.o)
 .text.packet_sent
                0x00009872       0x22 contiki-sky.a(sicslowpan.o)
 .text.chksum   0x00009894       0x32 contiki-sky.a(uip6.o)
 .text.upper_layer_chksum
                0x000098c6       0x56 contiki-sky.a(uip6.o)
 .text.ext_hdr_options_process
                0x0000991c       0xda contiki-sky.a(uip6.o)
 .text.uip_icmp6chksum
                0x000099f6        0xa contiki-sky.a(uip6.o)
                0x000099f6                uip_icmp6chksum
 .text.uip_udpchksum
                0x00009a00        0xa contiki-sky.a(uip6.o)
                0x00009a00                uip_udpchksum
 .text.uip_init
                0x00009a0a       0x42 contiki-sky.a(uip6.o)
                0x00009a0a                uip_init
 .text.remove_ext_hdr
                0x00009a4c       0x5a contiki-sky.a(uip6.o)
                0x00009a4c                remove_ext_hdr
 .text.uip_udp_new
                0x00009aa6       0xf4 contiki-sky.a(uip6.o)
                0x00009aa6                uip_udp_new
 .text.uip_process
                0x00009b9a      0x4a2 contiki-sky.a(uip6.o)
                0x00009b9a                uip_process
 .text.uip_htonl
                0x0000a03c       0x2e contiki-sky.a(uip6.o)
                0x0000a03c                uip_htonl
 .text.uip_ds6_list_loop
                0x0000a06a       0x86 contiki-sky.a(uip-ds6.o)
                0x0000a06a                uip_ds6_list_loop
 .text.uip_ds6_prefix_add
                0x0000a0f0       0x80 contiki-sky.a(uip-ds6.o)
                0x0000a0f0                uip_ds6_prefix_add
 .text.uip_ds6_is_addr_onlink
                0x0000a170       0x54 contiki-sky.a(uip-ds6.o)
                0x0000a170                uip_ds6_is_addr_onlink
 .text.uip_ds6_addr_lookup
                0x0000a1c4       0x2a contiki-sky.a(uip-ds6.o)
                0x0000a1c4                uip_ds6_addr_lookup
 .text.uip_ds6_get_link_local
                0x0000a1ee       0x3e contiki-sky.a(uip-ds6.o)
                0x0000a1ee                uip_ds6_get_link_local
 .text.uip_ds6_maddr_add
                0x0000a22c       0x4c contiki-sky.a(uip-ds6.o)
                0x0000a22c                uip_ds6_maddr_add
 .text.uip_ds6_addr_add
                0x0000a278       0xc4 contiki-sky.a(uip-ds6.o)
                0x0000a278                uip_ds6_addr_add
 .text.uip_ds6_maddr_lookup
                0x0000a33c       0x2a contiki-sky.a(uip-ds6.o)
                0x0000a33c                uip_ds6_maddr_lookup
 .text.uip_ds6_addr_rm
                0x0000a366       0x54 contiki-sky.a(uip-ds6.o)
                0x0000a366                uip_ds6_addr_rm
 .text.uip_ds6_periodic
                0x0000a3ba       0x4a contiki-sky.a(uip-ds6.o)
                0x0000a3ba                uip_ds6_periodic
 .text.uip_ds6_set_addr_iid
                0x0000a404       0x14 contiki-sky.a(uip-ds6.o)
                0x0000a404                uip_ds6_set_addr_iid
 .text.get_match_length
                0x0000a418       0x3e contiki-sky.a(uip-ds6.o)
                0x0000a418                get_match_length
 .text.uip_ds6_select_src
                0x0000a456       0xaa contiki-sky.a(uip-ds6.o)
                0x0000a456                uip_ds6_select_src
 .text.uip_ds6_compute_reachable_time
                0x0000a500       0x3e contiki-sky.a(uip-ds6.o)
                0x0000a500                uip_ds6_compute_reachable_time
 .text.uip_ds6_init
                0x0000a53e      0x154 contiki-sky.a(uip-ds6.o)
                0x0000a53e                uip_ds6_init
 .text.uip_ds6_nbr_rm
                0x0000a692       0x1a contiki-sky.a(uip-ds6-nbr.o)
                0x0000a692                uip_ds6_nbr_rm
 .text.uip_ds6_neighbors_init
                0x0000a6ac        0xe contiki-sky.a(uip-ds6-nbr.o)
                0x0000a6ac                uip_ds6_neighbors_init
 .text.uip_ds6_nbr_add
                0x0000a6ba       0x60 contiki-sky.a(uip-ds6-nbr.o)
                0x0000a6ba                uip_ds6_nbr_add
 .text.uip_ds6_nbr_get_ll
                0x0000a71a        0xc contiki-sky.a(uip-ds6-nbr.o)
                0x0000a71a                uip_ds6_nbr_get_ll
 .text.uip_ds6_nbr_lookup
                0x0000a726       0x42 contiki-sky.a(uip-ds6-nbr.o)
                0x0000a726                uip_ds6_nbr_lookup
 .text.uip_ds6_nbr_ll_lookup
                0x0000a768        0xc contiki-sky.a(uip-ds6-nbr.o)
                0x0000a768                uip_ds6_nbr_ll_lookup
 .text.uip_ds6_nbr_ipaddr_from_lladdr
                0x0000a774        0x6 contiki-sky.a(uip-ds6-nbr.o)
                0x0000a774                uip_ds6_nbr_ipaddr_from_lladdr
 .text.uip_ds6_nbr_lladdr_from_ipaddr
                0x0000a77a       0x12 contiki-sky.a(uip-ds6-nbr.o)
                0x0000a77a                uip_ds6_nbr_lladdr_from_ipaddr
 .text.uip_ds6_link_neighbor_callback
                0x0000a78c       0x2a contiki-sky.a(uip-ds6-nbr.o)
                0x0000a78c                uip_ds6_link_neighbor_callback
 .text.uip_ds6_neighbor_periodic
                0x0000a7b6       0x60 contiki-sky.a(uip-ds6-nbr.o)
                0x0000a7b6                uip_ds6_neighbor_periodic
 .text.call_route_callback
                0x0000a816       0x4c contiki-sky.a(uip-ds6-route.o)
 .text.uip_ds6_route_init
                0x0000a862       0x36 contiki-sky.a(uip-ds6-route.o)
                0x0000a862                uip_ds6_route_init
 .text.uip_ds6_route_nexthop
                0x0000a898       0x1a contiki-sky.a(uip-ds6-route.o)
                0x0000a898                uip_ds6_route_nexthop
 .text.uip_ds6_route_head
                0x0000a8b2        0xa contiki-sky.a(uip-ds6-route.o)
                0x0000a8b2                uip_ds6_route_head
 .text.uip_ds6_route_next
                0x0000a8bc        0xe contiki-sky.a(uip-ds6-route.o)
                0x0000a8bc                uip_ds6_route_next
 .text.uip_ds6_route_lookup
                0x0000a8ca       0x8c contiki-sky.a(uip-ds6-route.o)
                0x0000a8ca                uip_ds6_route_lookup
 .text.uip_ds6_route_rm
                0x0000a956       0xa4 contiki-sky.a(uip-ds6-route.o)
                0x0000a956                uip_ds6_route_rm
 .text.rm_routelist
                0x0000a9fa       0x34 contiki-sky.a(uip-ds6-route.o)
 .text.rm_routelist_callback
                0x0000aa2e        0x6 contiki-sky.a(uip-ds6-route.o)
 .text.uip_ds6_route_add
                0x0000aa34      0x10c contiki-sky.a(uip-ds6-route.o)
                0x0000aa34                uip_ds6_route_add
 .text.uip_ds6_defrt_rm
                0x0000ab40       0x48 contiki-sky.a(uip-ds6-route.o)
                0x0000ab40                uip_ds6_defrt_rm
 .text.uip_ds6_defrt_lookup
                0x0000ab88       0x36 contiki-sky.a(uip-ds6-route.o)
                0x0000ab88                uip_ds6_defrt_lookup
 .text.uip_ds6_defrt_add
                0x0000abbe       0x74 contiki-sky.a(uip-ds6-route.o)
                0x0000abbe                uip_ds6_defrt_add
 .text.uip_ds6_defrt_choose
                0x0000ac32       0x3a contiki-sky.a(uip-ds6-route.o)
                0x0000ac32                uip_ds6_defrt_choose
 .text.uip_ds6_defrt_periodic
                0x0000ac6c       0x38 contiki-sky.a(uip-ds6-route.o)
                0x0000ac6c                uip_ds6_defrt_periodic
 .text.echo_reply_input
                0x0000aca4      0x112 contiki-sky.a(uip-icmp6.o)
 .text.echo_request_input
                0x0000adb6      0x12c contiki-sky.a(uip-icmp6.o)
 .text.uip_icmp6_input
                0x0000aee2       0x44 contiki-sky.a(uip-icmp6.o)
                0x0000aee2                uip_icmp6_input
 .text.uip_icmp6_register_input_handler
                0x0000af26        0xc contiki-sky.a(uip-icmp6.o)
                0x0000af26                uip_icmp6_register_input_handler
 .text.uip_icmp6_error_output
                0x0000af32      0x17a contiki-sky.a(uip-icmp6.o)
                0x0000af32                uip_icmp6_error_output
 .text.uip_icmp6_send
                0x0000b0ac       0x96 contiki-sky.a(uip-icmp6.o)
                0x0000b0ac                uip_icmp6_send
 .text.uip_icmp6_init
                0x0000b142       0x12 contiki-sky.a(uip-icmp6.o)
                0x0000b142                uip_icmp6_init
 .text.uip_nd6_init
                0x0000b154        0x2 contiki-sky.a(uip-nd6.o)
                0x0000b154                uip_nd6_init
 .text.tcpip_output
                0x0000b156       0x10 contiki-sky.a(tcpip.o)
                0x0000b156                tcpip_output
 .text.tcpip_set_outputfunc
                0x0000b166        0x6 contiki-sky.a(tcpip.o)
                0x0000b166                tcpip_set_outputfunc
 .text.udp_new  0x0000b16c       0x1a contiki-sky.a(tcpip.o)
                0x0000b16c                udp_new
 .text.tcpip_input
                0x0000b186       0x16 contiki-sky.a(tcpip.o)
                0x0000b186                tcpip_input
 .text.tcpip_ipv6_output
                0x0000b19c       0xce contiki-sky.a(tcpip.o)
                0x0000b19c                tcpip_ipv6_output
 .text.process_thread_tcpip_process
                0x0000b26a       0xd0 contiki-sky.a(tcpip.o)
 .text.tcpip_uipcall
                0x0000b33a       0x2a contiki-sky.a(tcpip.o)
                0x0000b33a                tcpip_uipcall
 .text.uip_debug_ipaddr_print
                0x0000b364       0x7c contiki-sky.a(uip-debug.o)
                0x0000b364                uip_debug_ipaddr_print
 .text.uip_udp_packet_send
                0x0000b3e0       0x2e contiki-sky.a(uip-udp-packet.)
                0x0000b3e0                uip_udp_packet_send
 .text.rpl_get_mode
                0x0000b40e        0x6 contiki-sky.a(rpl.o)
                0x0000b40e                rpl_get_mode
 .text.rpl_purge_routes
                0x0000b414       0x96 contiki-sky.a(rpl.o)
                0x0000b414                rpl_purge_routes
 .text.rpl_remove_routes
                0x0000b4aa       0x22 contiki-sky.a(rpl.o)
                0x0000b4aa                rpl_remove_routes
 .text.rpl_remove_routes_by_nexthop
                0x0000b4cc       0x46 contiki-sky.a(rpl.o)
                0x0000b4cc                rpl_remove_routes_by_nexthop
 .text.rpl_add_route
                0x0000b512       0x44 contiki-sky.a(rpl.o)
                0x0000b512                rpl_add_route
 .text.rpl_link_neighbor_callback
                0x0000b556       0x7c contiki-sky.a(rpl.o)
                0x0000b556                rpl_link_neighbor_callback
 .text.rpl_ipv6_neighbor_callback
                0x0000b5d2       0x1e contiki-sky.a(rpl.o)
                0x0000b5d2                rpl_ipv6_neighbor_callback
 .text.rpl_init
                0x0000b5f0       0x4a contiki-sky.a(rpl.o)
                0x0000b5f0                rpl_init
 .text.lollipop_greater_than
                0x0000b63a       0x44 contiki-sky.a(rpl-dag.o)
 .text.acceptable_rank
                0x0000b67e       0x50 contiki-sky.a(rpl-dag.o)
 .text.find_parent_any_dag_any_instance
                0x0000b6ce       0x14 contiki-sky.a(rpl-dag.o)
 .text.rpl_set_preferred_parent
                0x0000b6e2       0x30 contiki-sky.a(rpl-dag.o)
 .text.set_ip_from_prefix
                0x0000b712       0x38 contiki-sky.a(rpl-dag.o)
 .text.check_prefix
                0x0000b74a       0x80 contiki-sky.a(rpl-dag.o)
 .text.rpl_get_nbr
                0x0000b7ca       0x1e contiki-sky.a(rpl-dag.o)
                0x0000b7ca                rpl_get_nbr
 .text.rpl_dag_init
                0x0000b7e8        0xe contiki-sky.a(rpl-dag.o)
                0x0000b7e8                rpl_dag_init
 .text.rpl_get_parent
                0x0000b7f6        0xc contiki-sky.a(rpl-dag.o)
                0x0000b7f6                rpl_get_parent
 .text.rpl_get_parent_ipaddr
                0x0000b802       0x10 contiki-sky.a(rpl-dag.o)
                0x0000b802                rpl_get_parent_ipaddr
 .text.rpl_set_prefix
                0x0000b812       0x8e contiki-sky.a(rpl-dag.o)
                0x0000b812                rpl_set_prefix
 .text.rpl_set_default_route
                0x0000b8a0       0x5a contiki-sky.a(rpl-dag.o)
                0x0000b8a0                rpl_set_default_route
 .text.rpl_alloc_instance
                0x0000b8fa       0x34 contiki-sky.a(rpl-dag.o)
                0x0000b8fa                rpl_alloc_instance
 .text.rpl_add_parent
                0x0000b92e       0x56 contiki-sky.a(rpl-dag.o)
                0x0000b92e                rpl_add_parent
 .text.rpl_find_parent
                0x0000b984       0x1a contiki-sky.a(rpl-dag.o)
                0x0000b984                rpl_find_parent
 .text.rpl_find_parent_any_dag
                0x0000b99e       0x22 contiki-sky.a(rpl-dag.o)
                0x0000b99e                rpl_find_parent_any_dag
 .text.rpl_select_parent
                0x0000b9c0       0x7e contiki-sky.a(rpl-dag.o)
                0x0000b9c0                rpl_select_parent
 .text.rpl_select_dag
                0x0000ba3e      0x182 contiki-sky.a(rpl-dag.o)
                0x0000ba3e                rpl_select_dag
 .text.rpl_nullify_parent
                0x0000bbc0       0x54 contiki-sky.a(rpl-dag.o)
                0x0000bbc0                rpl_nullify_parent
 .text.rpl_remove_parent
                0x0000bc14       0x16 contiki-sky.a(rpl-dag.o)
                0x0000bc14                rpl_remove_parent
 .text.nbr_callback
                0x0000bc2a        0x6 contiki-sky.a(rpl-dag.o)
 .text.remove_parents.constprop.2
                0x0000bc30       0x32 contiki-sky.a(rpl-dag.o)
 .text.rpl_move_parent
                0x0000bc62       0x5a contiki-sky.a(rpl-dag.o)
                0x0000bc62                rpl_move_parent
 .text.rpl_get_any_dag
                0x0000bcbc       0x18 contiki-sky.a(rpl-dag.o)
                0x0000bcbc                rpl_get_any_dag
 .text.rpl_get_instance
                0x0000bcd4       0x1a contiki-sky.a(rpl-dag.o)
                0x0000bcd4                rpl_get_instance
 .text.rpl_alloc_dag
                0x0000bcee       0x60 contiki-sky.a(rpl-dag.o)
                0x0000bcee                rpl_alloc_dag
 .text.rpl_repair_root
                0x0000bd4e       0x50 contiki-sky.a(rpl-dag.o)
                0x0000bd4e                rpl_repair_root
 .text.rpl_find_of
                0x0000bd9e       0x10 contiki-sky.a(rpl-dag.o)
                0x0000bd9e                rpl_find_of
 .text.rpl_join_instance
                0x0000bdae      0x13c contiki-sky.a(rpl-dag.o)
                0x0000bdae                rpl_join_instance
 .text.rpl_local_repair
                0x0000beea       0x7c contiki-sky.a(rpl-dag.o)
                0x0000beea                rpl_local_repair
 .text.rpl_process_parent_event
                0x0000bf66       0x4e contiki-sky.a(rpl-dag.o)
                0x0000bf66                rpl_process_parent_event
 .text.rpl_recalculate_ranks
                0x0000bfb4       0x48 contiki-sky.a(rpl-dag.o)
                0x0000bfb4                rpl_recalculate_ranks
 .text.rpl_add_dag
                0x0000bffc      0x112 contiki-sky.a(rpl-dag.o)
                0x0000bffc                rpl_add_dag
 .text.rpl_process_dio
                0x0000c10e      0x2e2 contiki-sky.a(rpl-dag.o)
                0x0000c10e                rpl_process_dio
 .text.rpl_lock_parent
                0x0000c3f0        0xc contiki-sky.a(rpl-dag.o)
                0x0000c3f0                rpl_lock_parent
 .text.rpl_verify_header
                0x0000c3fc       0xba contiki-sky.a(rpl-ext-header.)
                0x0000c3fc                rpl_verify_header
 .text.rpl_update_header_empty
                0x0000c4b6      0x126 contiki-sky.a(rpl-ext-header.)
                0x0000c4b6                rpl_update_header_empty
 .text.rpl_update_header_final
                0x0000c5dc       0x94 contiki-sky.a(rpl-ext-header.)
                0x0000c5dc                rpl_update_header_final
 .text.rpl_invert_header
                0x0000c670       0x7a contiki-sky.a(rpl-ext-header.)
                0x0000c670                rpl_invert_header
 .text.rpl_insert_header
                0x0000c6ea       0x12 contiki-sky.a(rpl-ext-header.)
                0x0000c6ea                rpl_insert_header
 .text.get32    0x0000c6fc       0x46 contiki-sky.a(rpl-icmp6.o)
 .text.set32    0x0000c742       0x2a contiki-sky.a(rpl-icmp6.o)
 .text.get16    0x0000c76c        0xe contiki-sky.a(rpl-icmp6.o)
 .text.set16    0x0000c77a       0x10 contiki-sky.a(rpl-icmp6.o)
 .text.dao_ack_input
                0x0000c78a        0x6 contiki-sky.a(rpl-icmp6.o)
 .text.dio_input
                0x0000c790      0x2d2 contiki-sky.a(rpl-icmp6.o)
 .text.dis_output
                0x0000ca62       0x50 contiki-sky.a(rpl-icmp6.o)
                0x0000ca62                dis_output
 .text.dio_output
                0x0000cab2      0x268 contiki-sky.a(rpl-icmp6.o)
                0x0000cab2                dio_output
 .text.dis_input
                0x0000cd1a       0x28 contiki-sky.a(rpl-icmp6.o)
 .text.dao_output_target
                0x0000cd42       0xea contiki-sky.a(rpl-icmp6.o)
                0x0000cd42                dao_output_target
 .text.dao_output
                0x0000ce2c       0x80 contiki-sky.a(rpl-icmp6.o)
                0x0000ce2c                dao_output
 .text.dao_ack_output
                0x0000ceac       0x32 contiki-sky.a(rpl-icmp6.o)
                0x0000ceac                dao_ack_output
 .text.dao_input
                0x0000cede      0x2a8 contiki-sky.a(rpl-icmp6.o)
 .text.rpl_icmp6_register_handlers
                0x0000d186       0x22 contiki-sky.a(rpl-icmp6.o)
                0x0000d186                rpl_icmp6_register_handlers
 .text.reset    0x0000d1a8        0x2 contiki-sky.a(rpl-mrhof.o)
 .text.update_metric_container
                0x0000d1aa        0x6 contiki-sky.a(rpl-mrhof.o)
 .text.calculate_rank
                0x0000d1b0       0x3e contiki-sky.a(rpl-mrhof.o)
 .text.best_parent
                0x0000d1ee       0x74 contiki-sky.a(rpl-mrhof.o)
 .text.neighbor_link_callback
                0x0000d262       0xa2 contiki-sky.a(rpl-mrhof.o)
 .text.best_dag
                0x0000d304       0x34 contiki-sky.a(rpl-mrhof.o)
 .text.new_dio_interval
                0x0000d338       0x92 contiki-sky.a(rpl-timers.o)
 .text.handle_periodic_timer
                0x0000d3ca       0x2e contiki-sky.a(rpl-timers.o)
 .text.set_dao_lifetime_timer
                0x0000d3f8       0x52 contiki-sky.a(rpl-timers.o)
 .text.schedule_dao
                0x0000d44a       0x82 contiki-sky.a(rpl-timers.o)
 .text.handle_dio_timer
                0x0000d4cc       0x88 contiki-sky.a(rpl-timers.o)
 .text.handle_dao_timer
                0x0000d554       0x64 contiki-sky.a(rpl-timers.o)
 .text.rpl_reset_periodic_timer
                0x0000d5b8       0x60 contiki-sky.a(rpl-timers.o)
                0x0000d5b8                rpl_reset_periodic_timer
 .text.rpl_reset_dio_timer
                0x0000d618       0x18 contiki-sky.a(rpl-timers.o)
                0x0000d618                rpl_reset_dio_timer
 .text.rpl_schedule_dao
                0x0000d630        0xc contiki-sky.a(rpl-timers.o)
                0x0000d630                rpl_schedule_dao
 .text.rpl_schedule_probing
                0x0000d63c       0x3c contiki-sky.a(rpl-timers.o)
                0x0000d63c                rpl_schedule_probing
 .text.handle_probing_timer
                0x0000d678      0x124 contiki-sky.a(rpl-timers.o)
 .text.parse    0x0000d79c       0xa0 contiki-sky.a(framer-802154.o)
 .text.create_frame.isra.0
                0x0000d83c      0x108 contiki-sky.a(framer-802154.o)
 .text.create   0x0000d944        0x8 contiki-sky.a(framer-802154.o)
 .text.hdr_length
                0x0000d94c        0x8 contiki-sky.a(framer-802154.o)
 .text.framer_canonical_create_and_secure
                0x0000d954       0x20 contiki-sky.a(framer.o)
                0x0000d954                framer_canonical_create_and_secure
 .text.send_packet
                0x0000d974        0x6 contiki-sky.a(nullmac.o)
 .text.packet_input
                0x0000d97a        0x6 contiki-sky.a(nullmac.o)
 .text.on       0x0000d980        0x6 contiki-sky.a(nullmac.o)
 .text.off      0x0000d986        0x6 contiki-sky.a(nullmac.o)
 .text.channel_check_interval
                0x0000d98c        0x4 contiki-sky.a(nullmac.o)
 .text.init     0x0000d990        0x2 contiki-sky.a(nullmac.o)
 .text.on       0x0000d992        0x6 contiki-sky.a(nullrdc.o)
 .text.channel_check_interval
                0x0000d998        0x4 contiki-sky.a(nullrdc.o)
 .text.init     0x0000d99c        0x6 contiki-sky.a(nullrdc.o)
 .text.send_one_packet
                0x0000d9a2       0x6a contiki-sky.a(nullrdc.o)
 .text.send_list
                0x0000da0c       0x30 contiki-sky.a(nullrdc.o)
 .text.send_packet
                0x0000da3c        0x6 contiki-sky.a(nullrdc.o)
 .text.off      0x0000da42       0x10 contiki-sky.a(nullrdc.o)
 .text.packet_input
                0x0000da52       0x26 contiki-sky.a(nullrdc.o)
 .text.linkaddr_copy
                0x0000da78        0x8 contiki-sky.a(linkaddr.o)
                0x0000da78                linkaddr_copy
 .text.linkaddr_cmp
                0x0000da80       0x12 contiki-sky.a(linkaddr.o)
                0x0000da80                linkaddr_cmp
 .text.linkaddr_set_node_addr
                0x0000da92        0xc contiki-sky.a(linkaddr.o)
                0x0000da92                linkaddr_set_node_addr
 .text.index_from_key
                0x0000da9e       0x48 contiki-sky.a(nbr-table.o)
 .text.item_from_key
                0x0000dae6       0x34 contiki-sky.a(nbr-table.o)
 .text.nbr_set_bit
                0x0000db1a       0x8e contiki-sky.a(nbr-table.o)
 .text.index_from_lladdr
                0x0000dba8       0x42 contiki-sky.a(nbr-table.o)
 .text.nbr_get_bit.constprop.0
                0x0000dbea       0x62 contiki-sky.a(nbr-table.o)
 .text.nbr_table_register
                0x0000dc4c       0x28 contiki-sky.a(nbr-table.o)
                0x0000dc4c                nbr_table_register
 .text.nbr_table_next
                0x0000dc74       0x90 contiki-sky.a(nbr-table.o)
                0x0000dc74                nbr_table_next
 .text.nbr_table_head
                0x0000dd04       0x36 contiki-sky.a(nbr-table.o)
                0x0000dd04                nbr_table_head
 .text.nbr_table_add_lladdr
                0x0000dd3a      0x144 contiki-sky.a(nbr-table.o)
                0x0000dd3a                nbr_table_add_lladdr
 .text.nbr_table_get_from_lladdr
                0x0000de7e       0x48 contiki-sky.a(nbr-table.o)
                0x0000de7e                nbr_table_get_from_lladdr
 .text.nbr_table_remove
                0x0000dec6       0x32 contiki-sky.a(nbr-table.o)
                0x0000dec6                nbr_table_remove
 .text.nbr_table_lock
                0x0000def8       0x10 contiki-sky.a(nbr-table.o)
                0x0000def8                nbr_table_lock
 .text.nbr_table_unlock
                0x0000df08       0x10 contiki-sky.a(nbr-table.o)
                0x0000df08                nbr_table_unlock
 .text.nbr_table_get_lladdr
                0x0000df18       0x5a contiki-sky.a(nbr-table.o)
                0x0000df18                nbr_table_get_lladdr
 .text.packetbuf_compact
                0x0000df72       0x2e contiki-sky.a(packetbuf.o)
                0x0000df72                packetbuf_compact
 .text.packetbuf_copyto
                0x0000dfa0       0x52 contiki-sky.a(packetbuf.o)
                0x0000dfa0                packetbuf_copyto
 .text.packetbuf_hdrreduce
                0x0000dff2       0x1a contiki-sky.a(packetbuf.o)
                0x0000dff2                packetbuf_hdrreduce
 .text.packetbuf_set_datalen
                0x0000e00c        0x6 contiki-sky.a(packetbuf.o)
                0x0000e00c                packetbuf_set_datalen
 .text.packetbuf_dataptr
                0x0000e012        0xe contiki-sky.a(packetbuf.o)
                0x0000e012                packetbuf_dataptr
 .text.packetbuf_hdrptr
                0x0000e020        0xa contiki-sky.a(packetbuf.o)
                0x0000e020                packetbuf_hdrptr
 .text.packetbuf_datalen
                0x0000e02a        0x6 contiki-sky.a(packetbuf.o)
                0x0000e02a                packetbuf_datalen
 .text.packetbuf_hdrlen
                0x0000e030       0x10 contiki-sky.a(packetbuf.o)
                0x0000e030                packetbuf_hdrlen
 .text.packetbuf_totlen
                0x0000e040        0xc contiki-sky.a(packetbuf.o)
                0x0000e040                packetbuf_totlen
 .text.packetbuf_hdralloc
                0x0000e04c       0x2e contiki-sky.a(packetbuf.o)
                0x0000e04c                packetbuf_hdralloc
 .text.packetbuf_attr_clear
                0x0000e07a       0x28 contiki-sky.a(packetbuf.o)
                0x0000e07a                packetbuf_attr_clear
 .text.packetbuf_clear
                0x0000e0a2       0x1a contiki-sky.a(packetbuf.o)
                0x0000e0a2                packetbuf_clear
 .text.packetbuf_copyfrom
                0x0000e0bc       0x2e contiki-sky.a(packetbuf.o)
                0x0000e0bc                packetbuf_copyfrom
 .text.packetbuf_attr_copyto
                0x0000e0ea       0x22 contiki-sky.a(packetbuf.o)
                0x0000e0ea                packetbuf_attr_copyto
 .text.packetbuf_attr_copyfrom
                0x0000e10c       0x24 contiki-sky.a(packetbuf.o)
                0x0000e10c                packetbuf_attr_copyfrom
 .text.packetbuf_holds_broadcast
                0x0000e130        0xe contiki-sky.a(packetbuf.o)
                0x0000e130                packetbuf_holds_broadcast
 .text.queuebuf_init
                0x0000e13e       0x12 contiki-sky.a(queuebuf.o)
                0x0000e13e                queuebuf_init
 .text.queuebuf_numfree
                0x0000e150        0xa contiki-sky.a(queuebuf.o)
                0x0000e150                queuebuf_numfree
 .text.queuebuf_new_from_packetbuf
                0x0000e15a       0x52 contiki-sky.a(queuebuf.o)
                0x0000e15a                queuebuf_new_from_packetbuf
 .text.queuebuf_free
                0x0000e1ac       0x2a contiki-sky.a(queuebuf.o)
                0x0000e1ac                queuebuf_free
 .text.queuebuf_to_packetbuf
                0x0000e1d6       0x32 contiki-sky.a(queuebuf.o)
                0x0000e1d6                queuebuf_to_packetbuf
 .text.bootstrap
                0x0000e208        0x4 contiki-sky.a(nullsec.o)
 .text.send     0x0000e20c        0xa contiki-sky.a(nullsec.o)
 .text.on_frame_created
                0x0000e216        0x4 contiki-sky.a(nullsec.o)
 .text.input    0x0000e21a        0x6 contiki-sky.a(nullsec.o)
 .text.get_overhead
                0x0000e220        0x4 contiki-sky.a(nullsec.o)
 .text.spi_init
                0x0000e224       0x32 contiki-sky.a(spi.o)
                0x0000e224                spi_init
 .text.stimer_set
                0x0000e256       0x1c contiki-sky.a(stimer.o)
                0x0000e256                stimer_set
 .text.stimer_expired
                0x0000e272       0x30 contiki-sky.a(stimer.o)
                0x0000e272                stimer_expired
 .text.field_len
                0x0000e2a2       0x98 contiki-sky.a(frame802154.o)
 .text.frame802154_hdrlen
                0x0000e33a       0x2e contiki-sky.a(frame802154.o)
                0x0000e33a                frame802154_hdrlen
 .text.frame802154_create
                0x0000e368      0x146 contiki-sky.a(frame802154.o)
                0x0000e368                frame802154_create
 .text.frame802154_parse
                0x0000e4ae      0x1da contiki-sky.a(frame802154.o)
                0x0000e4ae                frame802154_parse
 .text.mac_call_sent_callback
                0x0000e688       0x14 contiki-sky.a(mac.o)
                0x0000e688                mac_call_sent_callback
 .text.libgcc   0x0000e69c       0x2c /usr/lib/gcc/msp430/4.6.3/mmpy-16/libgcc.a(_mulsi3.o)
                0x0000e69c                __mulsi3
 .text.libgcc   0x0000e6c8       0x22 /usr/lib/gcc/msp430/4.6.3/mmpy-16/libgcc.a(_udivmod16.o)
                0x0000e6c8                __udivhi3
                0x0000e6c8                __ext_udivmod16
                0x0000e6e2                __umodhi3
 .text.libgcc   0x0000e6ea       0x3a /usr/lib/gcc/msp430/4.6.3/mmpy-16/libgcc.a(_divmod16.o)
                0x0000e6ea                __ext_divmod16
                0x0000e6ea                __divhi3
                0x0000e71c                __modhi3
 .text.libgcc   0x0000e724       0x40 /usr/lib/gcc/msp430/4.6.3/mmpy-16/libgcc.a(_udivmod32.o)
                0x0000e724                __udivsi3
                0x0000e724                __ext_udivmod32
                0x0000e75a                __umodsi3
 .text.libgcc   0x0000e764       0x4c /usr/lib/gcc/msp430/4.6.3/mmpy-16/libgcc.a(_divmod32.o)
                0x0000e764                __ext_divmod32
                0x0000e764                __divsi3
                0x0000e7a6                __modsi3
 .text          0x0000e7b0       0x12 /usr/lib/gcc/msp430/4.6.3/../../../../msp430/lib/mmpy-16/libc.a(strchr.o)
                0x0000e7b0                strchr
 .text          0x0000e7c2       0x1c /usr/lib/gcc/msp430/4.6.3/../../../../msp430/lib/mmpy-16/libc.a(memchr.o)
                0x0000e7c2                memchr
 .text          0x0000e7de       0x28 /usr/lib/gcc/msp430/4.6.3/../../../../msp430/lib/mmpy-16/libc.a(strncmp.o)
                0x0000e7de                strncmp
 .text          0x0000e806       0x20 /usr/lib/gcc/msp430/4.6.3/../../../../msp430/lib/mmpy-16/libc.a(memcmp.o)
                0x0000e806                memcmp
 .text          0x0000e826       0xfa /usr/lib/gcc/msp430/4.6.3/../../../../msp430/lib/mmpy-16/libc.a(memcpy.o)
                0x0000e826                memcpy
 .text          0x0000e920       0xfa /usr/lib/gcc/msp430/4.6.3/../../../../msp430/lib/mmpy-16/libc.a(memmove.o)
                0x0000e920                memmove
 .text          0x0000ea1a       0x6a /usr/lib/gcc/msp430/4.6.3/../../../../msp430/lib/mmpy-16/libc.a(memset.o)
                0x0000ea1a                memset
 .text          0x0000ea84       0x1e /usr/lib/gcc/msp430/4.6.3/../../../../msp430/lib/mmpy-16/libc.a(printf.o)
                0x0000ea84                printf
                0x0000ea94                vprintf
 .text          0x0000eaa2       0xbc /usr/lib/gcc/msp430/4.6.3/../../../../msp430/lib/mmpy-16/libc.a(sprintf.o)
                0x0000eb00                sprintf
                0x0000eb1c                snprintf
                0x0000eb36                vsprintf
                0x0000eb4c                vsnprintf
 .text          0x0000eb5e      0x836 /usr/lib/gcc/msp430/4.6.3/../../../../msp430/lib/mmpy-16/libc.a(vuprintf.o)
                0x0000ecf6                vuprintf
 .text          0x0000f394       0x2c /usr/lib/gcc/msp430/4.6.3/../../../../msp430/lib/mmpy-16/libc.a(puts.o)
                0x0000f394                puts
 .text          0x0000f3c0       0x54 /usr/lib/gcc/msp430/4.6.3/../../../../msp430/lib/mmpy-16/libc.a(rand.o)
                0x0000f3c0                rand_r
                0x0000f3e4                rand
                0x0000f40a                srand
 .text.libgcc   0x0000f414       0xf0 /usr/lib/gcc/msp430/4.6.3/mmpy-16/libgcc.a(_udivmod64.o)
                0x0000f414                __xabi_udivmod64
                0x0000f472                __udivdi3
                0x0000f498                __umoddi3
                0x0000f4c6                __udivmoddi4
 .text.crt0     0x0000f504        0x2 /usr/lib/gcc/msp430/4.6.3/mmpy-16/libcrt0.a(_unexpected_.o)
                0x0000f504                _unexpected_
                0x0000f506                . = ALIGN (0x2)

.rodata         0x0000f506      0x88c
                0x0000f506                . = ALIGN (0x2)
 *(.rodata .rodata.* .gnu.linkonce.r.*)
 .rodata        0x0000f506       0x74 er-example-server.co
                0x0000f560                autostart_processes
 .rodata        0x0000f57a       0x5a obj_sky/res-toggle.o
 .rodata        0x0000f5d4       0xec obj_sky/res-light.o
 .rodata        0x0000f6c0       0x56 obj_sky/res-leds.o
 .rodata        0x0000f716      0x12e obj_sky/contiki-sky-main.o
 .rodata        0x0000f844       0x8a contiki-sky.a(er-coap.o)
 .rodata        0x0000f8ce       0xec contiki-sky.a(er-coap-engine.)
                0x0000f928                coap_rest_implementation
 .rodata        0x0000f9ba       0x11 contiki-sky.a(er-coap-observe)
 .rodata        0x0000f9cb       0x19 contiki-sky.a(er-coap-res-wel)
 .rodata        0x0000f9e4      0x24f contiki-sky.a(er-coap-observe)
 .rodata        0x0000fc33        0xc contiki-sky.a(rest-engine.o)
 *fill*         0x0000fc3f        0x1 00
 .rodata        0x0000fc40        0xe contiki-sky.a(light-sensor.o)
                0x0000fc46                light_sensor
 .rodata        0x0000fc4e       0x10 contiki-sky.a(button-sensor.o)
                0x0000fc56                button_sensor
 .rodata        0x0000fc5e        0x8 contiki-sky.a(sensors.o)
 .rodata        0x0000fc66       0x5a contiki-sky.a(cc2420.o)
                0x0000fc82                cc2420_aes_128_driver
                0x0000fc86                cc2420_driver
 .rodata        0x0000fcc0        0xf contiki-sky.a(ctimer.o)
 .rodata        0x0000fccf        0xc contiki-sky.a(etimer.o)
 *fill*         0x0000fcdb        0x1 00
 .rodata        0x0000fcdc       0x24 contiki-sky.a(sicslowpan.o)
                0x0000fce8                sicslowpan_driver
                0x0000fcee                llprefix
                0x0000fcf0                unc_mxconf
                0x0000fcf4                unc_ctxconf
                0x0000fcf8                unc_llconf
 .rodata        0x0000fd00        0xd contiki-sky.a(tcpip.o)
 .rodata        0x0000fd0d       0x29 contiki-sky.a(uip-debug.o)
 .rodata        0x0000fd36        0x8 contiki-sky.a(framer-802154.o)
                0x0000fd36                framer_802154
 .rodata        0x0000fd3e       0x16 contiki-sky.a(nullmac.o)
                0x0000fd46                nullmac_driver
 .rodata        0x0000fd54       0x18 contiki-sky.a(nullrdc.o)
                0x0000fd5c                nullrdc_driver
 .rodata        0x0000fd6c        0x8 contiki-sky.a(linkaddr.o)
                0x0000fd6c                linkaddr_null
 .rodata        0x0000fd74       0x14 contiki-sky.a(nullsec.o)
                0x0000fd7c                nullsec_driver
 .rodata        0x0000fd88        0x2 contiki-sky.a(frame802154.o)
 .rodata        0x0000fd8a        0x7 /usr/lib/gcc/msp430/4.6.3/../../../../msp430/lib/mmpy-16/libc.a(vuprintf.o)
                0x0000fd92                . = ALIGN (0x2)
 *fill*         0x0000fd91        0x1 00
                0x0000fd92                _etext = .

.data           0x00001100      0x158 load address 0x0000fd92
                0x00001100                . = ALIGN (0x2)
                0x00001100                PROVIDE (__data_start, .)
 *(.data .data.* .gnu.linkonce.d.*)
 .data          0x00001100        0xa er-example-server.co
                0x00001100                er_example_server
 .data          0x0000110a       0x36 obj_sky/res-toggle.o
                0x0000110a                res_toggle_green
                0x0000111c                res_toggle_blue
                0x0000112e                res_toggle_red
 .data          0x00001140       0x12 obj_sky/res-light.o
                0x00001140                res_light
 .data          0x00001152       0x12 obj_sky/res-leds.o
                0x00001152                res_leds
 .data          0x00001164        0x2 contiki-sky.a(er-coap.o)
                0x00001164                coap_error_message
 .data          0x00001166        0xa contiki-sky.a(er-coap-engine.)
                0x00001166                coap_engine
 .data          0x00001170        0x8 contiki-sky.a(er-coap-transac)
 .data          0x00001178        0x8 contiki-sky.a(er-coap-observe)
 .data          0x00001180       0x12 contiki-sky.a(er-coap-res-wel)
                0x00001180                res_well_known_core
 .data          0x00001192        0xa contiki-sky.a(rest-engine.o)
                0x00001192                rest_engine_process
 .data          0x0000119c        0x4 contiki-sky.a(contiki-sky-pla)
                0x0000119c                sensors
 .data          0x000011a0        0xa contiki-sky.a(sensors.o)
                0x000011a0                sensors_process
 .data          0x000011aa        0xa contiki-sky.a(cc2420.o)
                0x000011aa                cc2420_process
 .data          0x000011b4        0x2 contiki-sky.a(msp430.o)
 .data          0x000011b6        0xa contiki-sky.a(ctimer.o)
                0x000011b6                ctimer_process
 .data          0x000011c0        0xa contiki-sky.a(etimer.o)
                0x000011c0                etimer_process
 .data          0x000011ca        0xa contiki-sky.a(uip-ds6-nbr.o)
                0x000011ca                ds6_neighbors
 .data          0x000011d4       0x20 contiki-sky.a(uip-ds6-route.o)
 .data          0x000011f4        0xc contiki-sky.a(uip-icmp6.o)
 .data          0x00001200        0xa contiki-sky.a(tcpip.o)
                0x00001200                tcpip_process
 .data          0x0000120a        0xa contiki-sky.a(rpl-dag.o)
                0x0000120a                rpl_parents
 .data          0x00001214       0x1a contiki-sky.a(rpl-icmp6.o)
 .data          0x0000122e        0xe contiki-sky.a(rpl-mrhof.o)
                0x0000122e                rpl_mrhof
 .data          0x0000123c        0x8 contiki-sky.a(nbr-table.o)
 .data          0x00001244       0x10 contiki-sky.a(queuebuf.o)
 .data          0x00001254        0x4 /usr/lib/gcc/msp430/4.6.3/../../../../msp430/lib/mmpy-16/libc.a(rand.o)
                0x00001258                . = ALIGN (0x2)
                0x00001258                _edata = .
                0x0000fd92                PROVIDE (__data_load_start, LOADADDR (.data))
                0x00000158                PROVIDE (__data_size, SIZEOF (.data))

.bss            0x00001258     0x1be0 load address 0x0000feea
                0x00001258                PROVIDE (__bss_start, .)
 *(.bss .bss.*)
 .bss           0x00001258        0xc obj_sky/contiki-sky-main.o
 .bss           0x00001264        0x6 contiki-sky.a(er-coap.o)
                0x00001264                erbium_status_code
 .bss           0x0000126a      0x10c contiki-sky.a(er-coap-engine.)
 .bss           0x00001376      0x270 contiki-sky.a(er-coap-transac)
 .bss           0x000015e6       0xa2 contiki-sky.a(er-coap-observe)
 .bss           0x00001688      0x128 contiki-sky.a(er-coap-observe)
 .bss           0x000017b0        0x4 contiki-sky.a(rest-engine.o)
 .bss           0x000017b4        0x8 contiki-sky.a(button-sensor.o)
 .bss           0x000017bc        0x2 contiki-sky.a(node-id.o)
                0x000017bc                node_id
 .bss           0x000017be        0x6 contiki-sky.a(sensors.o)
 .bss           0x000017c4        0x8 contiki-sky.a(cc2420.o)
 .bss           0x000017cc        0x4 contiki-sky.a(sky-sensors.o)
 .bss           0x000017d0       0x9a contiki-sky.a(uart1.o)
 .bss           0x0000186a        0xa contiki-sky.a(clock.o)
 .bss           0x00001874        0x1 contiki-sky.a(leds.o)
 *fill*         0x00001875        0x1 00
 .bss           0x00001876        0x2 contiki-sky.a(watchdog.o)
 .bss           0x00001878        0x4 contiki-sky.a(ctimer.o)
 .bss           0x0000187c        0x6 contiki-sky.a(etimer.o)
 .bss           0x00001882       0x42 contiki-sky.a(process.o)
                0x00001882                process_current
                0x00001884                process_list
 .bss           0x000018c4        0x2 contiki-sky.a(rtimer.o)
 .bss           0x000018c6      0x124 contiki-sky.a(sicslowpan.o)
 .bss           0x000019ea        0xa contiki-sky.a(uip6.o)
                0x000019ea                uip_ext_opt_offset
                0x000019ec                uip_ext_len
                0x000019ee                uip_ext_bitmap
 .bss           0x000019f4       0x18 contiki-sky.a(uip-ds6.o)
 .bss           0x00001a0c      0x2f8 contiki-sky.a(uip-ds6-nbr.o)
 .bss           0x00001d04      0x362 contiki-sky.a(uip-ds6-route.o)
 .bss           0x00002066       0x14 contiki-sky.a(uip-icmp6.o)
 .bss           0x0000207a        0xe contiki-sky.a(tcpip.o)
 .bss           0x00002088        0x2 contiki-sky.a(rpl.o)
 .bss           0x0000208a       0xf0 contiki-sky.a(rpl-dag.o)
 .bss           0x0000217a       0x18 contiki-sky.a(rpl-timers.o)
 .bss           0x00002192        0x2 contiki-sky.a(framer-802154.o)
 .bss           0x00002194      0x118 contiki-sky.a(nbr-table.o)
 .bss           0x000022ac       0xb8 contiki-sky.a(packetbuf.o)
 .bss           0x00002364      0x5a0 contiki-sky.a(queuebuf.o)
 .bss           0x00002904        0x4 /usr/lib/gcc/msp430/4.6.3/../../../../msp430/lib/mmpy-16/libc.a(sprintf.o)
 *(COMMON)
 COMMON         0x00002908        0x2 contiki-sky.a(contiki-sky-pla)
                0x00002908                sensors_flags
 COMMON         0x0000290a        0x8 contiki-sky.a(ds2411.o)
                0x0000290a                ds2411_id
 COMMON         0x00002912        0x1 contiki-sky.a(sensors.o)
                0x00002912                sensors_event
 *fill*         0x00002913        0x1 00
 COMMON         0x00002914       0x10 contiki-sky.a(cc2420.o)
                0x00002914                cc2420_last_rssi
                0x00002916                cc2420_sfd_start_time
                0x00002918                cc2420_time_of_departure
                0x0000291a                cc2420_time_of_arrival
                0x0000291c                cc2420_last_correlation
                0x0000291e                cc2420_authority_level_of_sender
                0x00002920                cc2420_sfd_counter
                0x00002922                cc2420_sfd_end_time
 COMMON         0x00002924        0x2 contiki-sky.a(msp430.o)
                0x00002924                msp430_dco_required
 COMMON         0x00002926       0x56 contiki-sky.a(energest.o)
                0x00002926                energest_total_time
                0x00002956                energest_total_count
                0x00002958                energest_current_mode
                0x00002964                energest_current_time
 COMMON         0x0000297c        0x1 contiki-sky.a(process.o)
                0x0000297c                process_maxevents
 *fill*         0x0000297d        0x1 00
 COMMON         0x0000297e        0x8 contiki-sky.a(sicslowpan.o)
                0x0000297e                frag_sender
 COMMON         0x00002986      0x240 contiki-sky.a(uip6.o)
                0x00002986                uip_len
                0x00002988                uip_sappdata
                0x0000298a                uip_lladdr
                0x00002992                uip_aligned_buf
                0x00002a82                uip_flags
                0x00002a84                uip_next_hdr
                0x00002a86                uip_udp_conn
                0x00002a88                uip_appdata
                0x00002a8a                uip_conn
                0x00002a8c                uip_slen
                0x00002a8e                uip_udp_conns
 COMMON         0x00002bc6      0x15c contiki-sky.a(uip-ds6.o)
                0x00002bc6                uip_ds6_timer_ra
                0x00002bce                uip_ds6_if
                0x00002cba                uip_ds6_netif_addr_list_offset
                0x00002cbb                uip_ds6_addr_size
                0x00002cbc                uip_ds6_prefix_list
                0x00002d16                uip_ds6_timer_periodic
 COMMON         0x00002d22        0x1 contiki-sky.a(tcpip.o)
                0x00002d22                tcpip_event
 *fill*         0x00002d23        0x1 00
 COMMON         0x00002d24       0xde contiki-sky.a(rpl-dag.o)
                0x00002d24                default_instance
                0x00002d26                instance_table
 COMMON         0x00002e02        0x8 contiki-sky.a(linkaddr.o)
                0x00002e02                linkaddr_node_addr
 COMMON         0x00002e0a       0x2e contiki-sky.a(packetbuf.o)
                0x00002e0a                packetbuf_addrs
                0x00002e1a                packetbuf_attrs
                0x00002e38                . = ALIGN (0x2)
                0x00002e38                PROVIDE (__bss_end, .)
                0x00001be0                PROVIDE (__bss_size, SIZEOF (.bss))

.noinit         0x00002e38        0x2 load address 0x0000feea
                0x00002e38                PROVIDE (__noinit_start, .)
 *(.noinit .noinit.*)
 .noinit.crt0   0x00002e38        0x2 /usr/lib/gcc/msp430/4.6.3/mmpy-16/libcrt0.a(__watchdog_support.o)
                0x00002e38                __wdt_clear_value
                0x00002e3a                . = ALIGN (0x2)
                0x00002e3a                PROVIDE (__noinit_end, .)
                0x00002e3a                . = ALIGN (0x2)
                0x00002e3a                _end = .

.infomem        0x00001000        0x0
 *(.infomem)
                0x00001000                . = ALIGN (0x2)
 *(.infomem.*)

.infomemnobits  0x00001000        0x0
 *(.infomemnobits)
                0x00001000                . = ALIGN (0x2)
 *(.infomemnobits.*)

.infoa
 *(.infoa .infoa.*)

.infob
 *(.infob .infob.*)

.infoc
 *(.infoc .infoc.*)

.infod
 *(.infod .infod.*)

.vectors        0x0000ffe0       0x20
                0x0000ffe0                PROVIDE (__vectors_start, .)
 *(.vectors*)
 .vectors       0x0000ffe0       0x20 /usr/lib/gcc/msp430/4.6.3/mmpy-16/crt0ivtbl16.o
                0x0000ffe0                __ivtbl_16
                0x00010000                _vectors_end = .

.fartext        0x00000000        0x0
                0x00000000                . = ALIGN (0x2)
 *(.fartext)
                0x00000000                . = ALIGN (0x2)
 *(.fartext.*)
                0x00000000                _efartext = .

.profiler
 *(.profiler)

.stab           0x00000000    0x32ec8
 *(.stab)
 .stab          0x00000000     0x1860 er-example-server.co
 .stab          0x00001860      0xb70 obj_sky/res-separate.o
                               0x19ec (size before relaxing)
 .stab          0x000023d0      0x654 obj_sky/res-sht11.o
                                0xa68 (size before relaxing)
 .stab          0x00002a24      0x60c obj_sky/res-push.o
                               0x18d8 (size before relaxing)
 .stab          0x00003030      0x414 obj_sky/res-toggle.o
                                0xa68 (size before relaxing)
 .stab          0x00003444      0x3fc obj_sky/res-light.o
                                0xa68 (size before relaxing)
 .stab          0x00003840      0x3a8 obj_sky/res-chunks.o
                                0xa14 (size before relaxing)
 .stab          0x00003be8      0x438 obj_sky/res-radio.o
                                0xaa4 (size before relaxing)
 .stab          0x00004020      0x378 obj_sky/res-sub.o
                                0x9e4 (size before relaxing)
 .stab          0x00004398      0x5f4 obj_sky/res-event.o
                               0x18c0 (size before relaxing)
 .stab          0x0000498c      0x3c0 obj_sky/res-leds.o
                                0xa14 (size before relaxing)
 .stab          0x00004d4c      0x3a8 obj_sky/res-hello.o
                                0xa2c (size before relaxing)
 .stab          0x000050f4      0xa14 obj_sky/res-mirror.o
                               0x1ce0 (size before relaxing)
 .stab          0x00005b08      0x3cc obj_sky/res-battery.o
                                0xa38 (size before relaxing)
 .stab          0x00005ed4      0x720 obj_sky/res-b1-sep-b2.o
                               0x1a34 (size before relaxing)
 .stab          0x000065f4     0x10d4 obj_sky/contiki-sky-main.o
                               0x1b0c (size before relaxing)
 .stab          0x000076c8     0x3174 contiki-sky.a(er-coap.o)
                               0x4440 (size before relaxing)
 .stab          0x0000a83c      0xf84 contiki-sky.a(er-coap-engine.)
                               0x2280 (size before relaxing)
 .stab          0x0000b7c0      0xab0 contiki-sky.a(er-coap-transac)
                               0x1cd4 (size before relaxing)
 .stab          0x0000c270      0xdb0 contiki-sky.a(er-coap-observe)
                               0x20d0 (size before relaxing)
 .stab          0x0000d020      0x78c contiki-sky.a(er-coap-separat)
                               0x1a88 (size before relaxing)
 .stab          0x0000d7ac      0x840 contiki-sky.a(er-coap-res-wel)
                               0x1c14 (size before relaxing)
 .stab          0x0000dfec      0x678 contiki-sky.a(er-coap-block1.)
                               0x1938 (size before relaxing)
 .stab          0x0000e664     0x1080 contiki-sky.a(er-coap-observe)
                               0x23ac (size before relaxing)
 .stab          0x0000f6e4      0x7bc contiki-sky.a(rest-engine.o)
                                0xe28 (size before relaxing)
 .stab          0x0000fea0      0x258 contiki-sky.a(contiki-sky-pla)
                                0x5b8 (size before relaxing)
 .stab          0x000100f8      0x3fc contiki-sky.a(sht11-sensor.o)
                                0x948 (size before relaxing)
 .stab          0x000104f4      0x324 contiki-sky.a(light-sensor.o)
                                0x690 (size before relaxing)
 .stab          0x00010818      0x30c contiki-sky.a(battery-sensor.)
                                0x684 (size before relaxing)
 .stab          0x00010b24      0x468 contiki-sky.a(button-sensor.o)
                                0x7d4 (size before relaxing)
 .stab          0x00010f8c      0x39c contiki-sky.a(radio-sensor.o)
                                0x810 (size before relaxing)
 .stab          0x00011328      0x624 contiki-sky.a(ds2411.o)
                                0xb40 (size before relaxing)
 .stab          0x0001194c      0xa38 contiki-sky.a(xmem.o)
                                0xf60 (size before relaxing)
 .stab          0x00012384      0x2b8 contiki-sky.a(node-id.o)
                                0x4e0 (size before relaxing)
 .stab          0x0001263c      0x63c contiki-sky.a(sensors.o)
                                0xb70 (size before relaxing)
 .stab          0x00012c78     0x25e0 contiki-sky.a(cc2420.o)
                               0x2cac (size before relaxing)
 .stab          0x00015258      0x5ac contiki-sky.a(cc2420-arch.o)
                               0x1728 (size before relaxing)
 .stab          0x00015804      0x4f8 contiki-sky.a(sky-sensors.o)
                                0x864 (size before relaxing)
 .stab          0x00015cfc      0x60c contiki-sky.a(uart1.o)